[backblue.gif]
[fade.gif]
[index.html]
[img.zing.vn/products/ks3d/skin-2014/images/thumbshare.jpg]
[img.zing.vn/products/vendor/swiper/2019/swiper.min.css]
[img.zing.vn/products/ks3d/skin-2021/css-full/style.css]
[connect.facebook.net/en_US/fbds.js]
[img.zing.vn/products/ks3d/skin-2021/images/logo.png]
[img.zing.vn/products/vendor/general/rating/images/vng-18.jpg]
[img.zing.vn/products/ks3d/skin-2021/images/btn-download-game.gif]
[img.zing.vn/upload/ks3d/source/Banner/banner-mainsite/2021/tuyetdinh.png]
[img.zing.vn/upload/ks3d/source/Banner/banner-mainsite/2022/tl37.png]
[img.zing.vn/upload/ks3d/source/Banner/banner-mainsite/2021/vddenhat.png]
[img.zing.vn/upload/ks3d/source/Event/00-all-header/2022/05-09thumb.jpg]
[img.zing.vn/upload/ks3d/source/Event/00-all-header/2022/vangdanhthumb.jpg]
[img.zing.vn/upload/ks3d/source/Event/00-all-header/2022/phugiathumb.jpg]
[img.zing.vn/upload/ks3d/source/News/2021/slide/duongmon.jpg]
[img.zing.vn/upload/ks3d/source/News/2021/slide/ngami.jpg]
[img.zing.vn/upload/ks3d/source/News/2021/slide/vodang.jpg]
[img.zing.vn/upload/ks3d/source/News/2021/slide/minhgiao.jpg]
[img.zing.vn/upload/ks3d/source/News/2021/slide/thieulam.jpg]
[img.zing.vn/upload/ks3d/source/News/2021/slide/caibang.jpg]
[img.zing.vn/upload/ks3d/source/News/2021/slide/daohoa.jpg]
[img.zing.vn/upload/ks3d/source/News/2021/slide/thienlong.jpg]
[img.zing.vn/upload/ks3d/source/News/2021/slide/modung.jpg]
[img.zing.vn/upload/ks3d/source/News/2021/slide/thienson.jpg]
[img.zing.vn/upload/ks3d/source/News/2021/slide/tieudao.jpg]
[img.zing.vn/upload/ks3d/source/News/2021/slide/tinhtuc.jpg]
[img.zing.vn/upload/ks3d/source/News/2021/slide/quycoc.jpg]
[img.zing.vn/upload/ks3d/source/Banner/banner-mainsite/2022/1stld.png]
[img.zing.vn/upload/ks3d/source/Banner/banner-mainsite/2022/2hctlc.png]
[img.zing.vn/upload/ks3d/source/News/2021/t7/bandnct.jpg]
[img.zing.vn/upload/ks3d/source/News/2022/thaylogo.png]
[img.zing.vn/products/ks3d/skin-2021/images/logo-changyou.png]
[img.zing.vn/products/ks3d/skin-2014/js/skin-homepage-v25.js]
[img.zing.vn/products/vendor/jquery/jquery-1.11.1.min.js]
[img.zing.vn/products/vendor/swiper/2019/swiper.min.js]
[ttl3d.zing.vn/index.html]
[img.zing.vn/products/vendor/swiper/2019/swiper.min.css]
[img.zing.vn/products/ks3d/skin-2021/images/layout-s5ad4fb42e5.png]
[img.zing.vn/products/ks3d/skin-2021/images/sect-layout-se8a371274f.png]
[img.zing.vn/products/ks3d/skin-2021/images/header-bg.jpg]
[img.zing.vn/products/ks3d/skin-2021/images/bottom-bg.jpg]
[img.zing.vn/products/ks3d/skin-2021/images/line-top-repeat.png]
[img.zing.vn/products/ks3d/skin-2021/images/home-news-bg.png]
[img.zing.vn/products/ks3d/skin-2021/css-full/style.css]
[chat.support.vnggames.com/cslivechat/app.css]
[connect.facebook.net/en_US/fbds.js]
[www.googletagmanager.com/gtm5445.html]
[ttl3d.zing.vn/index-2.html]
[img.zing.vn/products/ks3d/skin-2014/css/skin-subpage-v6.css]
[img.zing.vn/products/vendor/logovng/logo-trang-1.png]
[img.zing.vn/products/ks3d/skin-2014/images/loader.gif]
[img.zing.vn/products/ks3d/skin-2014/js/skin-subpage-v14.js]
[www.googleadservices.com/pagead/f.txt]
[ttl3d.zing.vn/tin-tuc/danh-sach.1.html]
[img.zing.vn/upload/ks3d/source/thumb/afaceaacaa559ea4cd61e98d5deb463e-05-09thumb.jpg]
[img.zing.vn/upload/ks3d/source/thumb/afaceaacaa559ea4cd61e98d5deb463e-vangdanhthumb.jpg]
[img.zing.vn/upload/ks3d/source/thumb/afaceaacaa559ea4cd61e98d5deb463e-dnct34thumb.png]
[img.zing.vn/upload/ks3d/source/thumb/afaceaacaa559ea4cd61e98d5deb463e-phugiathumb.jpg]
[img.zing.vn/upload/ks3d/source/thumb/afaceaacaa559ea4cd61e98d5deb463e-tg1thumb.jpg]
[img.zing.vn/upload/ks3d/source/thumb/afaceaacaa559ea4cd61e98d5deb463e-vangdanh2023thumb.jpg]
[img.zing.vn/upload/ks3d/source/thumb/afaceaacaa559ea4cd61e98d5deb463e-tamphuongthumb.jpg]
[img.zing.vn/upload/ks3d/source/thumb/afaceaacaa559ea4cd61e98d5deb463e-TL37thumb.jpg]
[img.zing.vn/upload/ks3d/source/thumb/afaceaacaa559ea4cd61e98d5deb463e-tgmc3005thumb.jpg]
[img.zing.vn/upload/ks3d/source/thumb/afaceaacaa559ea4cd61e98d5deb463e-tgmc1010thumb.jpg]
[img.zing.vn/upload/ks3d/source/thumb/afaceaacaa559ea4cd61e98d5deb463e-1605thumb.jpg]
[img.zing.vn/upload/ks3d/source/thumb/afaceaacaa559ea4cd61e98d5deb463e-kk1thumb.jpg]
[ttl3d.zing.vn/su-kien/danh-sach.1.html]
[img.zing.vn/upload/ks3d/source/News/2022/t1/tg0.png]
[img.zing.vn/upload/ks3d/source/News/2022/t1/tg1.png]
[img.zing.vn/upload/ks3d/source/News/2022/t1/tg2.png]
[img.zing.vn/upload/ks3d/source/News/2022/t1/tg3.png]
[img.zing.vn/upload/ks3d/source/News/2022/t1/tg4.png]
[img.zing.vn/upload/ks3d/source/News/2022/t1/tg5.png]
[ttl3d.zing.vn/bai-viet/huong-dan/tai-game-ttl.html]
[img.zing.vn/upload/ks3d/source/cam-nang/co-ban/1.jpg]
[img.zing.vn/upload/ks3d/source/cam-nang/co-ban/1a.jpg]
[ttl3d.zing.vn/bai-viet/huong-dan/giao-dien-tro-choi.html]
[img.zing.vn/upload/ks3d/source/cam-nang/huong-dan-cap-do/1.jpg]
[img.zing.vn/upload/ks3d/source/cam-nang/huong-dan-cap-do/2.jpg]
[img.zing.vn/upload/ks3d/source/cam-nang/huong-dan-cap-do/3.jpg]
[img.zing.vn/upload/ks3d/source/cam-nang/huong-dan-cap-do/4.jpg]
[img.zing.vn/upload/ks3d/source/cam-nang/huong-dan-cap-do/5.jpg]
[img.zing.vn/upload/ks3d/source/cam-nang/huong-dan-cap-do/6.jpg]
[img.zing.vn/upload/ks3d/source/cam-nang/huong-dan-cap-do/7.jpg]
[img.zing.vn/upload/ks3d/source/cam-nang/huong-dan-cap-do/8.jpg]
[img.zing.vn/upload/ks3d/source/cam-nang/huong-dan-cap-do/9.jpg]
[img.zing.vn/upload/ks3d/source/cam-nang/huong-dan-cap-do/10.jpg]
[img.zing.vn/upload/ks3d/source/cam-nang/huong-dan-cap-do/11.jpg]
[img.zing.vn/upload/ks3d/source/cam-nang/huong-dan-cap-do/12.jpg]
[img.zing.vn/upload/ks3d/source/cam-nang/huong-dan-cap-do/13.jpg]
[ttl3d.zing.vn/bai-viet/huong-dan/cap-1-cap-20.html]
[img.zing.vn/upload/ks3d/source/cam-nang/su-do/1.jpg]
[img.zing.vn/upload/ks3d/source/cam-nang/su-do/2.jpg]
[img.zing.vn/upload/ks3d/source/cam-nang/su-do/3.jpg]
[ttl3d.zing.vn/bai-viet/huong-dan/su-do.html]
[img.zing.vn/upload/ks3d/source/cam-nang/bang-hoi/1.jpg]
[img.zing.vn/upload/ks3d/source/cam-nang/bang-hoi/2.jpg]
[img.zing.vn/upload/ks3d/source/cam-nang/bang-hoi/3.jpg]
[img.zing.vn/upload/ks3d/source/cam-nang/bang-hoi/9.jpg]
[img.zing.vn/upload/ks3d/source/cam-nang/bang-hoi/7.jpg]
[img.zing.vn/upload/ks3d/source/cam-nang/bang-hoi/8.jpg]
[ttl3d.zing.vn/bai-viet/huong-dan/bang-hoi.html]
[img.zing.vn/upload/ks3d/source/cam-nang/tran-thu/gioi-thieu-tran-thu/2.jpg]
[img.zing.vn/upload/ks3d/source/cam-nang/tran-thu/gioi-thieu-tran-thu/4.jpg]
[img.zing.vn/upload/ks3d/source/cam-nang/tran-thu/gioi-thieu-tran-thu/5.jpg]
[img.zing.vn/upload/ks3d/source/cam-nang/tran-thu/gioi-thieu-tran-thu/6.jpg]
[img.zing.vn/upload/ks3d/source/cam-nang/tran-thu/gioi-thieu-tran-thu/7.jpg]
[img.zing.vn/upload/ks3d/source/cam-nang/tran-thu/gioi-thieu-tran-thu/8.jpg]
[ttl3d.zing.vn/bai-viet/huong-dan/gioi-thieu-tran-thu.html]
[img.zing.vn/upload/ks3d/source/cam-nang/ky-nang-song/cau-ca/2.jpg]
[img.zing.vn/upload/ks3d/source/cam-nang/ky-nang-song/cau-ca/3.jpg]
[img.zing.vn/upload/ks3d/source/cam-nang/ky-nang-song/cau-ca/1.jpg]
[ttl3d.zing.vn/bai-viet/huong-dan/cau-ca.html]
[img.zing.vn/upload/ks3d/source/cam-nang/trang-bi/am-khi/1.jpg]
[img.zing.vn/upload/ks3d/source/cam-nang/trang-bi/am-khi/2.jpg]
[img.zing.vn/upload/ks3d/source/cam-nang/trang-bi/am-khi/3.jpg]
[ttl3d.zing.vn/bai-viet/huong-dan/am-khi.html]
[img.zing.vn/upload/ks3d/source/cam-nang/thao-tac-trang-bi/dieu-van/1.jpg]
[img.zing.vn/upload/ks3d/source/cam-nang/thao-tac-trang-bi/dieu-van/2.jpg]
[img.zing.vn/upload/ks3d/source/cam-nang/thao-tac-trang-bi/dieu-van/3.jpg]
[img.zing.vn/upload/ks3d/source/cam-nang/thao-tac-trang-bi/dieu-van/4.jpg]
[img.zing.vn/upload/ks3d/source/cam-nang/thao-tac-trang-bi/dieu-van/5.jpg]
[img.zing.vn/upload/ks3d/source/cam-nang/thao-tac-trang-bi/dieu-van/6.jpg]
[img.zing.vn/upload/ks3d/source/cam-nang/thao-tac-trang-bi/dieu-van/7.jpg]
[img.zing.vn/upload/ks3d/source/cam-nang/thao-tac-trang-bi/dieu-van/8.jpg]
[img.zing.vn/upload/ks3d/source/cam-nang/thao-tac-trang-bi/dieu-van/9.jpg]
[img.zing.vn/upload/ks3d/source/cam-nang/thao-tac-trang-bi/dieu-van/10.jpg]
[img.zing.vn/upload/ks3d/source/cam-nang/thao-tac-trang-bi/dieu-van/11.jpg]
[img.zing.vn/upload/ks3d/source/cam-nang/thao-tac-trang-bi/dieu-van/12.jpg]
[ttl3d.zing.vn/bai-viet/huong-dan/dieu-van-trang-bi.html]
[img.zing.vn/upload/ks3d/source/cam-nang/phu-ban/tran-long-ky-cuoc/1.jpg]
[img.zing.vn/upload/ks3d/source/cam-nang/phu-ban/tran-long-ky-cuoc/3.jpg]
[img.zing.vn/upload/ks3d/source/cam-nang/phu-ban/tran-long-ky-cuoc/2.jpg]
[ttl3d.zing.vn/bai-viet/huong-dan/tran-long-ky-cuoc.html]
[img.zing.vn/upload/ks3d/source/cam-nang/nap-the/1.jpg]
[img.zing.vn/upload/ks3d/source/cam-nang/nap-the/2.jpg]
[img.zing.vn/upload/ks3d/source/cam-nang/nap-the/3.jpg]
[img.zing.vn/upload/ks3d/source/cam-nang/nap-the/4.jpg]
[img.zing.vn/upload/ks3d/source/cam-nang/nap-the/5.jpg]
[img.zing.vn/upload/ks3d/source/cam-nang/nap-the/6.jpg]
[img.zing.vn/upload/ks3d/source/nap-the/6.jpg]
[img.zing.vn/upload/ks3d/source/nap-the/7.jpg]
[ttl3d.zing.vn/bai-viet/huong-dan/huong-dan-nap-bac.html]
[img.zing.vn/products/ks3d/subweb/2018-thien-long-ngu-tuyet/css-full/style-v2.css]
[img.zing.vn/upload/ks3d/source/Event/00-all-header/2022/tuyetdinhsonghung-1.jpg]
[img.zing.vn/upload/ks3d/source/News/2023/t9/phanthuong-tuyetdinh-1.png]
[img.zing.vn/products/ks3d/subweb/2018-thien-long-ngu-tuyet/js/script-v1.js]
[ttl3d.zing.vn/su-kien/tuyet-dinh-song-hung/phan-thuong-3338.html]
[img.zing.vn/products/ks3d/subweb/mini-event/js/subweb-2015-03.js]
[img.zing.vn/upload/ks3d/source/Event/00-all-header/2022/TL37-1.jpg]
[img.zing.vn/upload/ks3d/source/News/2023/t12/nd1.png]
[img.zing.vn/upload/ks3d/source/News/2023/t12/nd2.png]
[img.zing.vn/upload/ks3d/source/News/2023/t12/nd4.png]
[img.zing.vn/upload/ks3d/source/News/2023/t12/nd5.png]
[img.zing.vn/upload/ks3d/source/News/2023/t12/nd3.png]
[img.zing.vn/upload/ks3d/source/News/2023/t1/maychumoi/nd6.gif]
[ttl3d.zing.vn/su-kien/may-chu-moi-thien-long-37/noi-dung-3369.html]
[img.zing.vn/upload/ks3d/source/cam-nang/co-ban/nhap-code/cungthaivan1.jpg]
[img.zing.vn/upload/ks3d/source/cam-nang/co-ban/nhap-code/2.jpg]
[img.zing.vn/upload/ks3d/source/cam-nang/co-ban/3_1.jpg]
[ttl3d.zing.vn/bai-viet/huong-dan/huong-dan-dung-code-tai-npc-cung-thai-van.html]
[img.zing.vn/upload/ks3d/source/Event/2023/dnct34.jpg]
[img.zing.vn/upload/ks3d/source/News/2023/t12/cktl37.png]
[ttl3d.zing.vn/su-kien/de-nhat-cao-thu-thien-long-37/tin-tuc/ket-qua-de-nhat-cao-thu-thien-long-37-vong-chung-ket.html]
[img.zing.vn/products/ks3d/subweb/2015/mini-event-style-2/css/mini-event-2015-03.css]
[img.zing.vn/upload/ks3d/source/Event/00-all-header/2022/05-09.jpg]
[img.zing.vn/upload/ks3d/source/News/2023/t12/pp1 (1).jpg]
[ttl3d.zing.vn/su-kien/thien-giang-minh-chau-643/thien-giang-minh-chau-3408.html]
[img.zing.vn/upload/ks3d/source/News/tocthucxuan.jpg]
[ttl3d.zing.vn/tin-tuc/tin-tuc/10-01-thong-bao-bao-tri-may-chu.html]
[ttl3d.zing.vn/su-kien/de-nhat-cao-thu-thien-long-37/tin-tuc/ket-qua-de-nhat-cao-thu-thien-long-37-vong-so-loai.html]
[ttl3d.zing.vn/tin-tuc/tin-tuc/03-01-bao-tri-toan-bo-may-chu.html]
[img.zing.vn/upload/ks3d/source/Event/00-all-header/2022/vangdanh1.jpg]
[img.zing.vn/upload/ks3d/source/News/2023/t12/lo1 (1).jpg]
[ttl3d.zing.vn/su-kien/vang-danh-giang-ho-642/thien-giang-minh-chau-3402.html]
[img.zing.vn/upload/ks3d/source/Event/00-all-header/2022/phugia1.jpg]
[img.zing.vn/upload/ks3d/source/News/2023/t12/at1.jpg]
[ttl3d.zing.vn/su-kien/nhat-dai-phu-gia/qua-tang-nap-the-3390.html]
[img.zing.vn/products/ks3d/subweb/2015/mini-event-style-4/css/mini-event-style-4.css]
[img.zing.vn/upload/ks3d/source/Event/All/sinhtuloidai_1.jpg]
[img.zing.vn/upload/ks3d/source/News/2023/t3/ck.png]
[ttl3d.zing.vn/su-kien/sinh-tu-loi-dai/ket-qua-chung-cuoc-3169.html]
[img.zing.vn/upload/ks3d/source/News/2023/t3/kq1.png]
[img.zing.vn/upload/ks3d/source/News/2023/t3/kq2.png]
[ttl3d.zing.vn/tin-tuc/tin-tuc/ket-qua-huyet-chien-trac-loc-co-thien-long-34.html]
[img.zing.vn/upload/ks3d/source/News/2023/t3/kq.png]
[ttl3d.zing.vn/su-kien/de-nhat-cao-thu-thien-long-34/tin-tuc/ket-qua-chung-cuoc-giai-dau-de-nhat-cao-thu-thien-long-34.html]
[img.zing.vn/upload/ks3d/source/Event/00-all-header/2022/headdn33.jpg]
[ttl3d.zing.vn/su-kien/de-nhat-cao-thu-thien-long-33/the-le-2881.html]
[open.id.zing.vn/widget/_static/openwidgetff1d.js]
[www.google-analytics.com/analytics.js]
[connect.facebook.net/en_US/all.js]
[img.zing.vn/products/ks/skin-2014/js-full/transit.min.js]
[img.zing.vn/products/ks3d/skin-2014/js/skin-homepage-v25.js]
[connect.facebook.net/en_US/sdk.js]
[img.zing.vn/products/vendor/jquery/jquery-1.11.1.min.js]
[img.zing.vn/products/vendor/swiper/2019/swiper.min.js]
[img.zing.vn/products/ks3d/skin-2021/js-full/main.js]
[img.zing.vn/products/vendor/general/banner-center/images/popup-close.png]
[img.zing.vn/products/ks3d/skin-2014/images/bg-subpage.jpg]
[img.zing.vn/products/ks3d/skin-2014/images/bg-header.jpg]
[img.zing.vn/products/ks3d/skin-2014/images/event-more-hov.png]
[img.zing.vn/products/ks3d/skin-2014/images/line-news.jpg]
[img.zing.vn/products/ks3d/skin-2014/images/content/dot.jpg]
[img.zing.vn/products/ks3d/skin-2014/images/overlay.png]
[img.zing.vn/products/vendor/fancybox/fancybox_sprite.png]
[img.zing.vn/products/vendor/fancybox/fancybox_loading.gif]
[img.zing.vn/products/vendor/fancybox/blank.gif]
[img.zing.vn/products/vendor/fancybox/fancybox_overlay.png]
[img.zing.vn/products/vendor/fancybox/fancybox_sprite@2x.png]
[img.zing.vn/products/vendor/fancybox/fancybox_loading@2x.gif]
[img.zing.vn/products/ks3d/skin-2014/css/skin-subpage-v6.css]
[img.zing.vn/products/vendor/general/rating/images/nph-0.jpg]
[img.zing.vn/products/vendor/general/rating/images/nph-12.jpg]
[img.zing.vn/products/vendor/general/rating/images/nph-18.jpg]
[img.zing.vn/products/vendor/general/rating/images/vng-0.jpg]
[img.zing.vn/products/vendor/general/rating/images/vng-12.jpg]
[img.zing.vn/products/vendor/general/rating/images/long-dinh-0.jpg]
[img.zing.vn/products/vendor/general/rating/images/long-dinh-12.jpg]
[img.zing.vn/products/vendor/general/rating/images/long-dinh-18.jpg]
[img.zing.vn/products/vendor/general/rating/images/minh-phuong-thinh-0.jpg]
[img.zing.vn/products/vendor/general/rating/images/minh-phuong-thinh-12.jpg]
[img.zing.vn/products/vendor/general/rating/images/minh-phuong-thinh-18.jpg]
[img.zing.vn/products/vendor/general/rating/images/nguyen-bao-0.jpg]
[img.zing.vn/products/vendor/general/rating/images/nguyen-bao-12.jpg]
[img.zing.vn/products/vendor/general/rating/images/nguyen-bao-18.jpg]
[img.zing.vn/products/vendor/general/rating/images/bp-0.jpg]
[img.zing.vn/products/vendor/general/rating/images/bp-12.jpg]
[img.zing.vn/products/vendor/general/rating/images/bp-18.jpg]
[img.zing.vn/products/vendor/general/rating/images/m-vng-0.jpg]
[img.zing.vn/products/vendor/general/rating/images/m-vng-12.jpg]
[img.zing.vn/products/vendor/general/rating/images/m-vng-18.jpg]
[img.zing.vn/products/vendor/general/rating/images/m-long-dinh-0.jpg]
[img.zing.vn/products/vendor/general/rating/images/m-long-dinh-12.jpg]
[img.zing.vn/products/vendor/general/rating/images/m-long-dinh-18.jpg]
[img.zing.vn/products/vendor/general/rating/images/m-minh-phuong-thinh-0.jpg]
[img.zing.vn/products/vendor/general/rating/images/m-minh-phuong-thinh-12.jpg]
[img.zing.vn/products/vendor/general/rating/images/m-minh-phuong-thinh-18.jpg]
[img.zing.vn/products/vendor/general/rating/images/m-nguyen-bao-0.jpg]
[img.zing.vn/products/vendor/general/rating/images/m-nguyen-bao-12.jpg]
[img.zing.vn/products/vendor/general/rating/images/m-nguyen-bao-18.jpg]
[img.zing.vn/products/vendor/general/rating/images/m-bp-0.jpg]
[img.zing.vn/products/vendor/general/rating/images/m-bp-12.jpg]
[img.zing.vn/products/vendor/general/rating/images/m-bp-18.jpg]
[img.zing.vn/products/vendor/general/rating/images/m-nph-0.jpg]
[img.zing.vn/products/vendor/general/rating/images/m-nph-12.jpg]
[img.zing.vn/products/vendor/general/rating/images/m-nph-18.jpg]
[img.zing.vn/products/vendor/general/rating/css/rating.css]
[img.zing.vn/upload/ks3d/source/News/2023/t12/lo4.jpg]
[ttl3d.zing.vn/su-kien/vang-danh-giang-ho-642/vang-danh-giang-ho-3405.html]
[img.zing.vn/upload/ks3d/source/News/2023/t12/bang dau s37.png]
[ttl3d.zing.vn/su-kien/de-nhat-cao-thu-thien-long-37/lich-dau-3400.html]
[img.zing.vn/upload/ks3d/source/Event/00-all-header/2022/vangdanh2023.jpg]
[img.zing.vn/upload/ks3d/source/News/2023/t12/bangmoi.png]
[img.zing.vn/upload/ks3d/source/News/2023/t12/bb2.png]
[img.zing.vn/upload/ks3d/source/News/2023/t12/bb3 (1).png]
[ttl3d.zing.vn/su-kien/vang-danh-thien-ha-2023/danh-sach-vang-danh-thien-ha-2023.html]
[img.zing.vn/upload/ks3d/source/News/2023/t12/bangdenhat.png]
[img.zing.vn/upload/ks3d/source/News/2023/t12/bangtracloc.png]
[ttl3d.zing.vn/tin-tuc/tin-tuc/danh-sach-dang-ky-giai-dau-thien-long-37.html]
[ttl3d.zing.vn/tin-tuc/tin-tuc/31-12-bao-tri-toan-bo-may-chu-4032.html]
[img.zing.vn/products/ks3d/skin-2014/js/skin-subpage-v14.js]
[img.zing.vn/upload/ks3d/source/thumb/c04a5ed0320644d5aa85fd487dc6f3b0-ttl-UP-0504-icon.jpg]
[ttl3d.zing.vn/su-kien/de-nhat-cao-thu-thien-long-37/tin-tuc.1.html]
[img.zing.vn/upload/ks3d/source/Event/00-all-header/2022/tg1.jpg]
[img.zing.vn/upload/ks3d/source/News/2023/t12/ll1 (1).jpg]
[ttl3d.zing.vn/su-kien/thien-giang-minh-chau-639/thien-giang-minh-chau-3384.html]
[ttl3d.zing.vn/su-kien/vang-danh-thien-ha-2023/noi-dung-3383.html]
[img.zing.vn/upload/ks3d/source/Event/00-all-header/2022/tamphuong.jpg]
[img.zing.vn/upload/ks3d/source/News/2023/t12/nt1.jpg]
[ttl3d.zing.vn/su-kien/tam-phuong-nha-ky/qua-tang-nap-the-3377.html]
[img.zing.vn/upload/ks3d/source/Event/00-all-header/2022/tgmc3005.jpg]
[img.zing.vn/upload/ks3d/source/Event/22-04-sinh-tieu/3.jpg]
[img.zing.vn/upload/ks3d/source/Event/22-04-sinh-tieu/4.jpg]
[img.zing.vn/upload/ks3d/source/Event/22-04-sinh-tieu/1.jpg]
[img.zing.vn/upload/ks3d/source/Event/22-04-sinh-tieu/2.jpg]
[img.zing.vn/upload/ks3d/source/News/2021/t8/hldan.png]
[ttl3d.zing.vn/su-kien/thien-giang-minh-chau-636/sinh-tieu-loi-dai-3371.html]
[img.zing.vn/upload/ks3d/source/Event/00-all-header/2022/tgmc1010.jpg]
[img.zing.vn/upload/ks3d/source/News/2023/t12/gg1 (3).jpg]
[ttl3d.zing.vn/su-kien/thien-giang-minh-chau-634/thien-giang-minh-chau-3365.html]
[img.zing.vn/upload/ks3d/source/Event/00-all-header/2022/1605.png]
[img.zing.vn/upload/ks3d/source/News/2023/t9/111.jpg]
[ttl3d.zing.vn/su-kien/kinh-hy-tam-lien-633/thien-giang-minh-chau-3360.html]
[img.zing.vn/upload/ks3d/source/Event/00-all-header/2022/kk1.jpg]
[img.zing.vn/upload/ks3d/source/News/2023/t9/ff1.jpg]
[ttl3d.zing.vn/su-kien/kinh-hy-tam-lien-632/kinh-hy-tam-lien-3354.html]
[img.zing.vn/upload/ks3d/source/News/2022/t9/c1.png]
[img.zing.vn/upload/ks3d/source/News/2022/t9/c2.png]
[img.zing.vn/upload/ks3d/source/News/2022/t9/c3.png]
[img.zing.vn/upload/ks3d/source/News/2022/t9/c4.png]
[img.zing.vn/upload/ks3d/source/News/2022/t9/c5.png]
[img.zing.vn/upload/ks3d/source/News/2022/t9/c6.png]
[img.zing.vn/upload/ks3d/source/News/2022/t9/c7.png]
[img.zing.vn/upload/ks3d/source/News/2022/t9/c8.png]
[img.zing.vn/upload/ks3d/source/News/2022/t9/c9.png]
[img.zing.vn/upload/ks3d/source/News/2022/t9/loi1.png]
[img.zing.vn/upload/ks3d/source/News/2022/t9/loi2.png]
[img.zing.vn/upload/ks3d/source/News/2022/t9/loi3.png]
[img.zing.vn/upload/ks3d/source/News/2022/t9/loi4.png]
[ttl3d.zing.vn/bai-viet/huong-dan/huong-dan-cai-dat.html]
[img.zing.vn/upload/ks3d/source/News/tai-game-ngay-nut-gif.gif]
[ttl3d.zing.vn/bai-viet/huong-dan/cau-hinh-yeu-cau.html]
[ttl3d.zing.vn/bai-viet/huong-dan/tan-thien-long-3d-tai-hien-tieu-thuyet-thien-long-bat-bo.html]
[img.zing.vn/upload/ks3d/source/cam-nang/co-ban/8.jpg]
[img.zing.vn/upload/ks3d/source/cam-nang/co-ban/9.jpg]
[img.zing.vn/upload/ks3d/source/cam-nang/co-ban/10.jpg]
[img.zing.vn/upload/ks3d/source/cam-nang/co-ban/11.jpg]
[img.zing.vn/upload/ks3d/source/News/2023/t12/map.png]
[ttl3d.zing.vn/bai-viet/huong-dan/tu-tim-duong.html]
[img.zing.vn/upload/ks3d/source/cam-nang/co-ban/4.jpg]
[img.zing.vn/upload/ks3d/source/cam-nang/co-ban/3.jpg]
[ttl3d.zing.vn/bai-viet/huong-dan/hoat-dong-hang-ngay.html]
[ttl3d.zing.vn/bai-viet/huong-dan/quy-tac-dat-ten.html]
[img.zing.vn/upload/ks3d/source/cam-nang/huong-dan-cap-do/30-45/1.jpg]
[img.zing.vn/upload/ks3d/source/cam-nang/huong-dan-cap-do/30-45/2.jpg]
[img.zing.vn/upload/ks3d/source/cam-nang/huong-dan-cap-do/30-45/3.jpg]
[img.zing.vn/upload/ks3d/source/cam-nang/huong-dan-cap-do/30-45/4.jpg]
[img.zing.vn/upload/ks3d/source/cam-nang/huong-dan-cap-do/30-45/5.jpg]
[img.zing.vn/upload/ks3d/source/cam-nang/huong-dan-cap-do/30-45/6.jpg]
[img.zing.vn/upload/ks3d/source/cam-nang/huong-dan-cap-do/30-45/7.jpg]
[img.zing.vn/upload/ks3d/source/cam-nang/huong-dan-cap-do/30-45/9.jpg]
[img.zing.vn/upload/ks3d/source/cam-nang/huong-dan-cap-do/30-45/10.jpg]
[img.zing.vn/upload/ks3d/source/cam-nang/huong-dan-cap-do/30-45/11.jpg]
[img.zing.vn/upload/ks3d/source/cam-nang/huong-dan-cap-do/30-45/12.jpg]
[img.zing.vn/upload/ks3d/source/cam-nang/huong-dan-cap-do/30-45/13.jpg]
[img.zing.vn/upload/ks3d/source/cam-nang/huong-dan-cap-do/30-45/14.jpg]
[img.zing.vn/upload/ks3d/source/cam-nang/huong-dan-cap-do/30-45/15.jpg]
[img.zing.vn/upload/ks3d/source/cam-nang/huong-dan-cap-do/30-45/17.jpg]
[img.zing.vn/upload/ks3d/source/cam-nang/huong-dan-cap-do/30-45/18.jpg]
[img.zing.vn/upload/ks3d/source/cam-nang/huong-dan-cap-do/30-45/19.jpg]
[img.zing.vn/upload/ks3d/source/cam-nang/huong-dan-cap-do/30-45/20.jpg]
[ttl3d.zing.vn/bai-viet/huong-dan/cap-30-cap-45.html]
[img.zing.vn/upload/ks3d/source/cam-nang/ket-bai/2.jpg]
[ttl3d.zing.vn/bai-viet/huong-dan/ket-bai.html]
[img.zing.vn/upload/ks3d/source/cam-nang/phu-the/1.jpg]
[img.zing.vn/upload/ks3d/source/cam-nang/phu-the/2.jpg]
[img.zing.vn/upload/ks3d/source/cam-nang/phu-the/4.jpg]
[img.zing.vn/upload/ks3d/source/cam-nang/phu-the/5.jpg]
[ttl3d.zing.vn/bai-viet/huong-dan/phu-the.html]
[img.zing.vn/upload/ks3d/source/cam-nang/cau-tu/1.jpg]
[img.zing.vn/upload/ks3d/source/cam-nang/cau-tu/2.jpg]
[img.zing.vn/upload/ks3d/source/cam-nang/cau-tu/4.png]
[img.zing.vn/upload/ks3d/source/cam-nang/cau-tu/3.png]
[img.zing.vn/upload/ks3d/source/cam-nang/cau-tu/image002.png]
[ttl3d.zing.vn/bai-viet/huong-dan/sinh-con.html]
[img.zing.vn/upload/ks3d/source/cam-nang/lien-minh/1.jpg]
[img.zing.vn/upload/ks3d/source/cam-nang/lien-minh/3.jpg]
[img.zing.vn/upload/ks3d/source/cam-nang/lien-minh/2.jpg]
[ttl3d.zing.vn/bai-viet/huong-dan/dong-minh.html]
[img.zing.vn/upload/ks3d/source/cam-nang/tran-thu/ao-hoa-tran-thu/1.jpg]
[img.zing.vn/upload/ks3d/source/cam-nang/tran-thu/ao-hoa-tran-thu/2.jpg]
[img.zing.vn/upload/ks3d/source/cam-nang/tran-thu/ao-hoa-tran-thu/3.jpg]
[img.zing.vn/upload/ks3d/source/cam-nang/tran-thu/ao-hoa-tran-thu/4.jpg]
[img.zing.vn/upload/ks3d/source/cam-nang/tran-thu/ao-hoa-tran-thu/5.jpg]
[img.zing.vn/upload/ks3d/source/cam-nang/tran-thu/ao-hoa-tran-thu/6.jpg]
[img.zing.vn/upload/ks3d/source/cam-nang/tran-thu/ao-hoa-tran-thu/7.jpg]
[img.zing.vn/upload/ks3d/source/cam-nang/tran-thu/ao-hoa-tran-thu/8.jpg]
[img.zing.vn/upload/ks3d/source/cam-nang/tran-thu/ao-hoa-tran-thu/9.jpg]
[img.zing.vn/upload/ks3d/source/cam-nang/tran-thu/ao-hoa-tran-thu/10.jpg]
[ttl3d.zing.vn/bai-viet/huong-dan/ao-hoa-tran-thu.html]
[img.zing.vn/upload/ks3d/source/cam-nang/tran-thu/trang-bi-tran-thu/1.jpg]
[img.zing.vn/upload/ks3d/source/cam-nang/tran-thu/trang-bi-tran-thu/2.jpg]
[img.zing.vn/upload/ks3d/source/cam-nang/tran-thu/trang-bi-tran-thu/3.jpg]
[img.zing.vn/upload/ks3d/source/cam-nang/tran-thu/trang-bi-tran-thu/4.jpg]
[img.zing.vn/upload/ks3d/source/cam-nang/tran-thu/trang-bi-tran-thu/5.jpg]
[img.zing.vn/upload/ks3d/source/cam-nang/tran-thu/trang-bi-tran-thu/6.jpg]
[ttl3d.zing.vn/bai-viet/huong-dan/trang-bi-tran-thu.html]
[img.zing.vn/upload/ks3d/source/cam-nang/tran-thu/tran-thu-phu-the/1.jpg]
[img.zing.vn/upload/ks3d/source/cam-nang/tran-thu/tran-thu-phu-the/2.jpg]
[img.zing.vn/upload/ks3d/source/cam-nang/tran-thu/tran-thu-phu-the/3.jpg]
[img.zing.vn/upload/ks3d/source/cam-nang/tran-thu/tran-thu-phu-the/4.jpg]
[img.zing.vn/upload/ks3d/source/cam-nang/tran-thu/tran-thu-phu-the/7.jpg]
[img.zing.vn/upload/ks3d/source/cam-nang/tran-thu/tran-thu-phu-the/6.jpg]
[img.zing.vn/upload/ks3d/source/cam-nang/tran-thu/tran-thu-phu-the/5.jpg]
[img.zing.vn/upload/ks3d/source/cam-nang/tran-thu/tran-thu-phu-the/8.jpg]
[img.zing.vn/upload/ks3d/source/cam-nang/tran-thu/tran-thu-phu-the/9.jpg]
[img.zing.vn/upload/ks3d/source/cam-nang/tran-thu/tran-thu-phu-the/10.jpg]
[img.zing.vn/upload/ks3d/source/cam-nang/tran-thu/tran-thu-phu-the/11.jpg]
[img.zing.vn/upload/ks3d/source/cam-nang/tran-thu/tran-thu-phu-the/12.jpg]
[img.zing.vn/upload/ks3d/source/cam-nang/tran-thu/tran-thu-phu-the/13.jpg]
[ttl3d.zing.vn/bai-viet/huong-dan/phu-the-tran-thu.html]
[img.zing.vn/upload/ks3d/source/cam-nang/ky-nang-song/che-duoc/1.jpg]
[img.zing.vn/upload/ks3d/source/cam-nang/ky-nang-song/che-duoc/4.jpg]
[img.zing.vn/upload/ks3d/source/cam-nang/ky-nang-song/che-duoc/5.jpg]
[img.zing.vn/upload/ks3d/source/cam-nang/ky-nang-song/che-duoc/2.jpg]
[img.zing.vn/upload/ks3d/source/cam-nang/ky-nang-song/che-duoc/3.jpg]
[ttl3d.zing.vn/bai-viet/huong-dan/che-duoc.html]
[img.zing.vn/upload/ks3d/source/cam-nang/ky-nang-song/cong-nghe/7.jpg]
[img.zing.vn/upload/ks3d/source/cam-nang/ky-nang-song/cong-nghe/1.jpg]
[img.zing.vn/upload/ks3d/source/cam-nang/ky-nang-song/cong-nghe/2.jpg]
[img.zing.vn/upload/ks3d/source/cam-nang/ky-nang-song/cong-nghe/3.jpg]
[img.zing.vn/upload/ks3d/source/cam-nang/ky-nang-song/cong-nghe/4.jpg]
[img.zing.vn/upload/ks3d/source/cam-nang/ky-nang-song/cong-nghe/5.jpg]
[img.zing.vn/upload/ks3d/source/cam-nang/ky-nang-song/cong-nghe/8.jpg]
[img.zing.vn/upload/ks3d/source/cam-nang/ky-nang-song/cong-nghe/9.jpg]
[ttl3d.zing.vn/bai-viet/huong-dan/cong-nghe.html]
[img.zing.vn/upload/ks3d/source/cam-nang/trang-bi/than-binh-hai-vuc/1.jpg]
[img.zing.vn/upload/ks3d/source/cam-nang/trang-bi/than-binh-hai-vuc/2.jpg]
[img.zing.vn/upload/ks3d/source/cam-nang/trang-bi/than-binh-hai-vuc/3.jpg]
[img.zing.vn/upload/ks3d/source/cam-nang/trang-bi/than-binh-hai-vuc/4.jpg]
[img.zing.vn/upload/ks3d/source/cam-nang/trang-bi/than-binh-hai-vuc/5.jpg]
[img.zing.vn/upload/ks3d/source/cam-nang/trang-bi/than-binh-hai-vuc/6.jpg]
[img.zing.vn/upload/ks3d/source/cam-nang/trang-bi/than-binh-hai-vuc/7.jpg]
[img.zing.vn/upload/ks3d/source/cam-nang/trang-bi/than-binh-hai-vuc/9.jpg]
[img.zing.vn/upload/ks3d/source/cam-nang/trang-bi/than-binh-hai-vuc/11.jpg]
[img.zing.vn/upload/ks3d/source/cam-nang/trang-bi/than-binh-hai-vuc/12.jpg]
[img.zing.vn/upload/ks3d/source/cam-nang/trang-bi/than-binh-hai-vuc/13.jpg]
[img.zing.vn/upload/ks3d/source/cam-nang/trang-bi/than-binh-hai-vuc/14.jpg]
[img.zing.vn/upload/ks3d/source/cam-nang/trang-bi/than-binh-hai-vuc/15.jpg]
[img.zing.vn/upload/ks3d/source/cam-nang/trang-bi/than-binh-hai-vuc/16.jpg]
[img.zing.vn/upload/ks3d/source/cam-nang/trang-bi/than-binh-hai-vuc/17.jpg]
[img.zing.vn/upload/ks3d/source/cam-nang/trang-bi/than-binh-hai-vuc/18.jpg]
[ttl3d.zing.vn/bai-viet/huong-dan/than-binh-hai-vuc.html]
[img.zing.vn/upload/ks3d/source/cam-nang/trang-bi/trung-lau/0.jpg]
[img.zing.vn/upload/ks3d/source/cam-nang/trang-bi/trung-lau/1.jpg]
[img.zing.vn/upload/ks3d/source/cam-nang/trang-bi/trung-lau/2.jpg]
[img.zing.vn/upload/ks3d/source/cam-nang/trang-bi/trung-lau/3.jpg]
[img.zing.vn/upload/ks3d/source/cam-nang/trang-bi/trung-lau/4.jpg]
[img.zing.vn/upload/ks3d/source/cam-nang/trang-bi/trung-lau/5.jpg]
[img.zing.vn/upload/ks3d/source/cam-nang/trang-bi/trung-lau/6.jpg]
[img.zing.vn/upload/ks3d/source/cam-nang/trang-bi/trung-lau/7.jpg]
[img.zing.vn/upload/ks3d/source/cam-nang/trang-bi/trung-lau/8.jpg]
[img.zing.vn/upload/ks3d/source/cam-nang/trang-bi/trung-lau/9.jpg]
[img.zing.vn/upload/ks3d/source/cam-nang/trang-bi/trung-lau/10.jpg]
[img.zing.vn/upload/ks3d/source/cam-nang/trang-bi/trung-lau/11.jpg]
[ttl3d.zing.vn/bai-viet/huong-dan/trung-lau.html]
[img.zing.vn/upload/ks3d/source/cam-nang/trang-bi/tran-phai-than-binh/1.jpg]
[img.zing.vn/upload/ks3d/source/cam-nang/trang-bi/tran-phai-than-binh/2.jpg]
[img.zing.vn/upload/ks3d/source/cam-nang/trang-bi/tran-phai-than-binh/3.jpg]
[img.zing.vn/upload/ks3d/source/cam-nang/trang-bi/tran-phai-than-binh/5.jpg]
[img.zing.vn/upload/ks3d/source/cam-nang/trang-bi/tran-phai-than-binh/4.jpg]
[img.zing.vn/upload/ks3d/source/cam-nang/trang-bi/tran-phai-than-binh/6.jpg]
[img.zing.vn/upload/ks3d/source/cam-nang/trang-bi/tran-phai-than-binh/7.jpg]
[img.zing.vn/upload/ks3d/source/cam-nang/trang-bi/tran-phai-than-binh/8.jpg]
[img.zing.vn/upload/ks3d/source/cam-nang/trang-bi/tran-phai-than-binh/9.jpg]
[img.zing.vn/upload/ks3d/source/cam-nang/trang-bi/tran-phai-than-binh/10.jpg]
[img.zing.vn/upload/ks3d/source/cam-nang/trang-bi/tran-phai-than-binh/11.jpg]
[img.zing.vn/upload/ks3d/source/cam-nang/trang-bi/tran-phai-than-binh/12.jpg]
[img.zing.vn/upload/ks3d/source/cam-nang/trang-bi/tran-phai-than-binh/13.jpg]
[img.zing.vn/upload/ks3d/source/cam-nang/trang-bi/tran-phai-than-binh/14.jpg]
[ttl3d.zing.vn/bai-viet/huong-dan/tran-phai-than-binh.html]
[img.zing.vn/upload/ks3d/source/cam-nang/trang-bi/long-van/0.jpg]
[img.zing.vn/upload/ks3d/source/cam-nang/trang-bi/long-van/1.jpg]
[img.zing.vn/upload/ks3d/source/cam-nang/trang-bi/long-van/2.jpg]
[img.zing.vn/upload/ks3d/source/cam-nang/trang-bi/long-van/3.jpg]
[img.zing.vn/upload/ks3d/source/cam-nang/trang-bi/long-van/4.jpg]
[img.zing.vn/upload/ks3d/source/cam-nang/trang-bi/long-van/5.jpg]
[img.zing.vn/upload/ks3d/source/cam-nang/trang-bi/long-van/6.jpg]
[img.zing.vn/upload/ks3d/source/cam-nang/trang-bi/long-van/8.jpg]
[img.zing.vn/upload/ks3d/source/cam-nang/trang-bi/long-van/9.jpg]
[img.zing.vn/upload/ks3d/source/cam-nang/trang-bi/long-van/11.jpg]
[img.zing.vn/upload/ks3d/source/cam-nang/trang-bi/long-van/13.jpg]
[img.zing.vn/upload/ks3d/source/cam-nang/trang-bi/long-van/14.jpg]
[ttl3d.zing.vn/bai-viet/huong-dan/long-van.html]
[img.zing.vn/upload/ks3d/source/cam-nang/trang-bi/vo-hon/1.jpg]
[img.zing.vn/upload/ks3d/source/cam-nang/trang-bi/vo-hon/2.jpg]
[img.zing.vn/upload/ks3d/source/cam-nang/trang-bi/vo-hon/3.jpg]
[img.zing.vn/upload/ks3d/source/cam-nang/trang-bi/vo-hon/4.jpg]
[img.zing.vn/upload/ks3d/source/cam-nang/trang-bi/vo-hon/5.jpg]
[img.zing.vn/upload/ks3d/source/cam-nang/trang-bi/vo-hon/6.jpg]
[img.zing.vn/upload/ks3d/source/cam-nang/trang-bi/vo-hon/7.jpg]
[img.zing.vn/upload/ks3d/source/cam-nang/trang-bi/vo-hon/8.jpg]
[img.zing.vn/upload/ks3d/source/cam-nang/trang-bi/vo-hon/9.jpg]
[img.zing.vn/upload/ks3d/source/cam-nang/trang-bi/vo-hon/10.jpg]
[img.zing.vn/upload/ks3d/source/cam-nang/trang-bi/vo-hon/11.jpg]
[img.zing.vn/upload/ks3d/source/cam-nang/trang-bi/vo-hon/14.jpg]
[img.zing.vn/upload/ks3d/source/cam-nang/trang-bi/vo-hon/15.jpg]
[img.zing.vn/upload/ks3d/source/cam-nang/trang-bi/vo-hon/16.jpg]
[img.zing.vn/upload/ks3d/source/cam-nang/trang-bi/vo-hon/17.jpg]
[img.zing.vn/upload/ks3d/source/cam-nang/trang-bi/vo-hon/18.jpg]
[img.zing.vn/upload/ks3d/source/cam-nang/trang-bi/vo-hon/19.jpg]
[img.zing.vn/upload/ks3d/source/cam-nang/trang-bi/vo-hon/20.jpg]
[img.zing.vn/upload/ks3d/source/cam-nang/trang-bi/vo-hon/21.jpg]
[img.zing.vn/upload/ks3d/source/cam-nang/trang-bi/vo-hon/22.jpg]
[img.zing.vn/upload/ks3d/source/cam-nang/trang-bi/vo-hon/23.jpg]
[img.zing.vn/upload/ks3d/source/cam-nang/trang-bi/vo-hon/24.jpg]
[img.zing.vn/upload/ks3d/source/cam-nang/trang-bi/vo-hon/25.jpg]
[ttl3d.zing.vn/bai-viet/huong-dan/vo-hon.html]
[img.zing.vn/upload/ks3d/source/cam-nang/thao-tac-trang-bi/cuong-hoa/1.jpg]
[img.zing.vn/upload/ks3d/source/cam-nang/thao-tac-trang-bi/cuong-hoa/2.jpg]
[img.zing.vn/upload/ks3d/source/cam-nang/thao-tac-trang-bi/cuong-hoa/3.jpg]
[img.zing.vn/upload/ks3d/source/cam-nang/thao-tac-trang-bi/cuong-hoa/4.jpg]
[img.zing.vn/upload/ks3d/source/cam-nang/thao-tac-trang-bi/cuong-hoa/5.jpg]
[ttl3d.zing.vn/bai-viet/huong-dan/cuong-hoa-trang-bi.html]
[img.zing.vn/upload/ks3d/source/cam-nang/thao-tac-trang-bi/duc-lo/1.jpg]
[img.zing.vn/upload/ks3d/source/cam-nang/thao-tac-trang-bi/duc-lo/2.jpg]
[img.zing.vn/upload/ks3d/source/cam-nang/thao-tac-trang-bi/duc-lo/3.jpg]
[img.zing.vn/upload/ks3d/source/cam-nang/thao-tac-trang-bi/duc-lo/4.jpg]
[img.zing.vn/upload/ks3d/source/cam-nang/thao-tac-trang-bi/duc-lo/5.jpg]
[img.zing.vn/upload/ks3d/source/cam-nang/thao-tac-trang-bi/duc-lo/6.jpg]
[ttl3d.zing.vn/bai-viet/huong-dan/duc-lo-trang-bi.html]
[img.zing.vn/upload/ks3d/source/cam-nang/thao-tac-trang-bi/2.jpg]
[img.zing.vn/upload/ks3d/source/cam-nang/thao-tac-trang-bi/1.jpg]
[ttl3d.zing.vn/bai-viet/huong-dan/boi-duong-trang-bi.html]
[img.zing.vn/upload/ks3d/source/cam-nang/thao-tac-trang-bi/giam-dinh/1.jpg]
[img.zing.vn/upload/ks3d/source/cam-nang/thao-tac-trang-bi/giam-dinh/2.jpg]
[img.zing.vn/upload/ks3d/source/cam-nang/thao-tac-trang-bi/giam-dinh/3.jpg]
[img.zing.vn/upload/ks3d/source/cam-nang/thao-tac-trang-bi/giam-dinh/4.jpg]
[img.zing.vn/upload/ks3d/source/cam-nang/thao-tac-trang-bi/giam-dinh/7.jpg]
[img.zing.vn/upload/ks3d/source/cam-nang/thao-tac-trang-bi/giam-dinh/8.jpg]
[img.zing.vn/upload/ks3d/source/cam-nang/thao-tac-trang-bi/giam-dinh/9.jpg]
[img.zing.vn/upload/ks3d/source/cam-nang/thao-tac-trang-bi/giam-dinh/10.jpg]
[img.zing.vn/upload/ks3d/source/cam-nang/thao-tac-trang-bi/giam-dinh/11.jpg]
[ttl3d.zing.vn/bai-viet/huong-dan/giam-dinh-trang-bi.html]
[img.zing.vn/upload/ks3d/source/cam-nang/phu-ban/tu-tuyet-trang/0a.jpg]
[img.zing.vn/upload/ks3d/source/cam-nang/phu-ban/tu-tuyet-trang/0.jpg]
[img.zing.vn/upload/ks3d/source/cam-nang/phu-ban/tu-tuyet-trang/1.jpg]
[img.zing.vn/upload/ks3d/source/cam-nang/phu-ban/tu-tuyet-trang/2.jpg]
[img.zing.vn/upload/ks3d/source/cam-nang/phu-ban/tu-tuyet-trang/3.jpg]
[img.zing.vn/upload/ks3d/source/cam-nang/phu-ban/tu-tuyet-trang/4.jpg]
[img.zing.vn/upload/ks3d/source/cam-nang/phu-ban/tu-tuyet-trang/5.jpg]
[img.zing.vn/upload/ks3d/source/cam-nang/phu-ban/tu-tuyet-trang/6.jpg]
[img.zing.vn/upload/ks3d/source/cam-nang/phu-ban/tu-tuyet-trang/7.jpg]
[img.zing.vn/upload/ks3d/source/cam-nang/phu-ban/tu-tuyet-trang/8.jpg]
[ttl3d.zing.vn/bai-viet/huong-dan/tu-tuyet-trang.html]
[img.zing.vn/upload/ks3d/source/cam-nang/phu-ban/yen-tu-o/1.jpg]
[img.zing.vn/upload/ks3d/source/cam-nang/phu-ban/yen-tu-o/2.jpg]
[img.zing.vn/upload/ks3d/source/cam-nang/phu-ban/yen-tu-o/4.jpg]
[img.zing.vn/upload/ks3d/source/cam-nang/phu-ban/yen-tu-o/5.jpg]
[img.zing.vn/upload/ks3d/source/cam-nang/phu-ban/yen-tu-o/6.jpg]
[img.zing.vn/upload/ks3d/source/cam-nang/phu-ban/yen-tu-o/7.jpg]
[img.zing.vn/upload/ks3d/source/cam-nang/phu-ban/yen-tu-o/3.jpg]
[ttl3d.zing.vn/bai-viet/huong-dan/yen-tu-o.html]
[img.zing.vn/upload/ks3d/source/nap-the/doi-nguyen-bao/1.jpg]
[img.zing.vn/upload/ks3d/source/nap-the/doi-nguyen-bao/2.jpg]
[img.zing.vn/upload/ks3d/source/nap-the/doi-nguyen-bao/3.jpg]
[img.zing.vn/upload/ks3d/source/nap-the/doi-nguyen-bao/4.jpg]
[img.zing.vn/upload/ks3d/source/nap-the/doi-nguyen-bao/5.jpg]
[img.zing.vn/upload/ks3d/source/nap-the/doi-nguyen-bao/15.jpg]
[ttl3d.zing.vn/bai-viet/huong-dan/cach-doi-nguyen-bao.html]
[img.zing.vn/upload/ks3d/source/cam-nang/co-ban/1.jpg]
[img.zing.vn/products/ks3d/skin-2014/css-full/style.css]
[img.zing.vn/products/ks3d/skin-2014/css-full/content-new.css]
[img.zing.vn/products/vendor/jquery/jquery.min.js]
[img.zing.vn/products/vendor/velocity/jquery.velocity.min.js]
[img.zing.vn/products/vendor/general/trackvmas/track-mas-client-test.js]
[img.zing.vn/products/vendor/plugin/socialPlugin-vr3.js]
[img.zing.vn/products/vendor/general/banner-center/js/ads-banner-2.0-gauniversal.js]
[img.zing.vn/products/vendor/fancybox/jquery.fancybox.pack.js]
[img.zing.vn/products/ks3d/skin-2014/js-full/jquery.jcarousel.min.js]
[ttl3d.zing.vn/app_dev.php/tag/tan-thien-long.1.html]
[img.zing.vn/products/ks3d/skin-2014/js-full/common.js]
[img.zing.vn/upload/ks3d/source/cam-nang/bang-hoi/5.jpg]
[img.zing.vn/upload/ks3d/source/cam-nang/bang-hoi/6.jpg]
[img.zing.vn/upload/ks3d/source/cam-nang/tran-thu/gioi-thieu-tran-thu/1.jpg]
[img.zing.vn/upload/ks3d/source/cam-nang/tran-thu/gioi-thieu-tran-thu/3.jpg]
[img.zing.vn/products/ks3d/skin-2014/images/favorite.html]
[img.zing.vn/products/ks3d/subweb/2018-thien-long-ngu-tuyet/images/sprites-s02a4a8cd61.png]
[img.zing.vn/products/ks3d/subweb/2018-thien-long-ngu-tuyet/images/page-footer.jpg]
[img.zing.vn/products/ks3d/subweb/2018-thien-long-ngu-tuyet/images/page-header.jpg]
[img.zing.vn/products/ks3d/subweb/2018-thien-long-ngu-tuyet/images/content-top.png]
[img.zing.vn/products/ks3d/subweb/2018-thien-long-ngu-tuyet/images/content-bottom.png]
[img.zing.vn/products/ks3d/subweb/2018-thien-long-ngu-tuyet/images/content-center.png]
[img.zing.vn/products/ks3d/subweb/2018-thien-long-ngu-tuyet/images/article/icon_h5.png]
[img.zing.vn/products/ks3d/subweb/2018-thien-long-ngu-tuyet/images/article/icon_h5_sup.png]
[img.zing.vn/products/ks3d/subweb/2018-thien-long-ngu-tuyet/images/article/icon_h5_sup_sup.png]
[img.zing.vn/products/ks3d/subweb/2018-thien-long-ngu-tuyet/images/article/icon_dash.png]
[img.zing.vn/products/ks3d/subweb/2018-thien-long-ngu-tuyet/images/article/anchorlink.gif]
[img.zing.vn/products/ks3d/subweb/2018-thien-long-ngu-tuyet/images/article/icon_h4.png]
[img.zing.vn/products/ks3d/subweb/2018-thien-long-ngu-tuyet/images/article/function.png]
[img.zing.vn/products/ks3d/subweb/2018-thien-long-ngu-tuyet/images/article/function-icon.gif]
[img.zing.vn/products/ks3d/subweb/2018-thien-long-ngu-tuyet/css-full/style-v2.css]
[img.zing.vn/upload/ks3d/source/Event/00-all-header/2022/tuyetdinhsonghung-1.jpg]
[img.zing.vn/upload/ks3d/source/News/2023/t9/z4862666187103_f8e5d2b04ea50cf8a29b1e638649b5df.jpg]
[ttl3d.zing.vn/su-kien/tuyet-dinh-song-hung/the-le-3336.html]
[ttl3d.zing.vn/su-kien/tuyet-dinh-song-hung/dang-ky-3337.html]
[img.zing.vn/upload/ks3d/source/News/2023/t9/Bang A - H.png]
[ttl3d.zing.vn/su-kien/tuyet-dinh-song-hung/lich-dau-3339.html]
[img.zing.vn/upload/ks3d/source/thumb/c04a5ed0320644d5aa85fd487dc6f3b0-thienlongnguba-100.jpg]
[img.zing.vn/upload/ks3d/source/thumb/c04a5ed0320644d5aa85fd487dc6f3b0-ttl-UP-0504-icon_1.jpg]
[ttl3d.zing.vn/img/image646a.png]
[ttl3d.zing.vn/su-kien/tuyet-dinh-song-hung/tin-tuc.1.html]
[img.zing.vn/upload/ks3d/source/News/2023/t9/phanthuong-tuyetdinh-1.png]
[img.zing.vn/products/ks3d/subweb/mini-event/js/subweb-2015-03.js]
[img.zing.vn/products/ks3d/subweb/2018-thien-long-ngu-tuyet/js/script-v1.js]
[img.zing.vn/upload/ks3d/source/Event/00-all-header/2022/TL37-1.jpg]
[img.zing.vn/upload/ks3d/source/News/2023/t8/ctxb/quayve.gif]
[ttl3d.zing.vn/su-kien/may-chu-moi-thien-long-37/quy-dinh-gioi-han-dang-nhap-3370.html]
[img.zing.vn/products/ks3d/subweb/cai-dat-ttl-be-ip6/css/swcai-dat-ttl-be-ip6-v3.css]
[img.zing.vn/upload/ks3d/source/Event/cai-game-mau-mau/promotioncb5.png]
[img.zing.vn/upload/ks3d/source/Event/cai-game-mau-mau/image001.png]
[img.zing.vn/upload/ks3d/source/Event/cai-game-mau-mau/image002.png]
[img.zing.vn/upload/ks3d/source/Event/cai-game-mau-mau/image003.png]
[img.zing.vn/upload/ks3d/source/Event/cai-game-mau-mau/image004.png]
[img.zing.vn/upload/ks3d/source/Event/cai-game-mau-mau/image005.png]
[img.zing.vn/upload/ks3d/source/Event/cai-game-mau-mau/image006.png]
[img.zing.vn/upload/ks3d/source/Event/cai-game-mau-mau/image007.png]
[img.zing.vn/upload/ks3d/source/Event/cai-game-mau-mau/image008.png]
[img.zing.vn/upload/ks3d/source/Event/cai-game-mau-mau/image009.png]
[ttl3d.zing.vn/su-kien/cai-game-mau-mau-nhan-iphone-6/giai-thuong.html]
[ttl3d.zing.vn/su-kien/de-nhat-cao-thu-thien-long-37/the-le-3397.html]
[ttl3d.zing.vn/su-kien/de-nhat-cao-thu-thien-long-37/dang-ky-3398.html]
[img.zing.vn/upload/ks3d/source/News/2019/t12/g0.png]
[img.zing.vn/upload/ks3d/source/News/2019/t12/g1.png]
[img.zing.vn/upload/ks3d/source/News/2019/t12/g2.png]
[img.zing.vn/upload/ks3d/source/News/2019/t12/g3.png]
[img.zing.vn/upload/ks3d/source/News/2019/t12/g4.png]
[ttl3d.zing.vn/su-kien/de-nhat-cao-thu-thien-long-37/phan-thuong-3399.html]
[img.zing.vn/products/ks3d/subweb/2015/mini-event-style-2/images/bg-top.jpg]
[img.zing.vn/products/ks3d/subweb/2015/mini-event-style-2/css/mini-event-2015-03.css]
[img.zing.vn/upload/ks3d/source/News/2023/t12/pp2.jpg]
[ttl3d.zing.vn/su-kien/thien-giang-minh-chau-643/qua-tang-nap-the-3409.html]
[img.zing.vn/upload/ks3d/source/News/2023/t12/pp3.jpg]
[ttl3d.zing.vn/su-kien/thien-giang-minh-chau-643/kinh-hy-tam-lien-3410.html]
[img.zing.vn/upload/ks3d/source/Event/23-12-giang-sinh/7.jpg]
[img.zing.vn/upload/ks3d/source/Event/23-12-giang-sinh/3.jpg]
[img.zing.vn/upload/ks3d/source/Event/23-12-giang-sinh/8.jpg]
[img.zing.vn/upload/ks3d/source/Event/23-12-giang-sinh/5.jpg]
[img.zing.vn/upload/ks3d/source/News/2023/t12/tg5.jpg]
[img.zing.vn/upload/ks3d/source/News/2023/t12/tg6.jpg]
[ttl3d.zing.vn/su-kien/thien-giang-minh-chau-643/quy-phu-than-cong-3411.html]
[img.zing.vn/upload/ks3d/source/vat-pham/MicrosoftTeams-image.png]
[img.zing.vn/upload/ks3d/source/Event/26-11-luong-long-nhat-the/su-kien-26-11/chan-nghia/4.jpg]
[img.zing.vn/upload/ks3d/source/Event/26-11-luong-long-nhat-the/su-kien-26-11/chan-nghia/5.jpg]
[img.zing.vn/upload/ks3d/source/News/2021/t10/tst.png]
[img.zing.vn/upload/ks3d/source/Event/26-11-luong-long-nhat-the/su-kien-26-11/chan-nghia/7.jpg]
[ttl3d.zing.vn/su-kien/thien-giang-minh-chau-643/chan-nghia-man-giang-ho-3412.html]
[img.zing.vn/upload/ks3d/source/News/2023/t12/pp4.jpg]
[img.zing.vn/upload/ks3d/source/News/2023/t12/pp5.jpg]
[ttl3d.zing.vn/su-kien/thien-giang-minh-chau-643/son-ha-chuyen-dan.html]
[img.zing.vn/upload/ks3d/source/News/2023/t12/pp1 (1).jpg]
[img.zing.vn/products/ks3d/subweb/2015/mini-event-style-2/js/mini-event-2015-03.js]
[ttl3d.zing.vn/tin-tuc/tin-tuc.1.html]
[img.zing.vn/upload/ks3d/source/News/2023/t12/lo2.jpg]
[ttl3d.zing.vn/su-kien/vang-danh-giang-ho-642/qua-tang-nap-the-3403.html]
[img.zing.vn/upload/ks3d/source/News/2023/t12/lo3.jpg]
[ttl3d.zing.vn/su-kien/vang-danh-giang-ho-642/kinh-hy-tam-lien-3404.html]
[img.zing.vn/upload/ks3d/source/Event/05-11-cuong-hoa-trang-bi/3.jpg]
[img.zing.vn/upload/ks3d/source/Event/12-08-dai-hy-cuong-hoa/3.jpg]
[ttl3d.zing.vn/su-kien/vang-danh-giang-ho-642/qua-tang-cuong-hoa-3406.html]
[img.zing.vn/upload/ks3d/source/News/2023/t12/quay1.jpg]
[ttl3d.zing.vn/su-kien/vang-danh-giang-ho-642/vong-quay-may-man-3407.html]
[img.zing.vn/upload/ks3d/source/News/2023/t12/lo1 (1).jpg]
[img.zing.vn/upload/ks3d/source/News/2023/t12/at2.jpg]
[ttl3d.zing.vn/su-kien/nhat-dai-phu-gia/kinh-hy-tam-lien-3391.html]
[img.zing.vn/upload/ks3d/source/News/2023/t9/at3.jpg]
[ttl3d.zing.vn/su-kien/nhat-dai-phu-gia/thien-giang-minh-chau-3392.html]
[ttl3d.zing.vn/su-kien/nhat-dai-phu-gia/sinh-tieu-loi-dai-3393.html]
[img.zing.vn/upload/ks3d/source/News/2023/t9/gg4.jpg]
[img.zing.vn/upload/ks3d/source/News/2023/t12/tt1.jpg]
[img.zing.vn/upload/ks3d/source/News/2023/t12/tt2.jpg]
[img.zing.vn/upload/ks3d/source/News/2023/t9/gg7.jpg]
[img.zing.vn/upload/ks3d/source/News/2023/t9/gg8.jpg]
[img.zing.vn/upload/ks3d/source/News/2023/t9/gg9.jpg]
[img.zing.vn/upload/ks3d/source/News/2023/t12/tt6.jpg]
[img.zing.vn/upload/ks3d/source/News/2023/t12/tt7.jpg]
[img.zing.vn/upload/ks3d/source/News/2023/t9/img16 (1).png]
[ttl3d.zing.vn/su-kien/nhat-dai-phu-gia/nhat-dai-phu-gia-3394.html]
[img.zing.vn/upload/ks3d/source/News/2023/t12/tt9.jpg]
[img.zing.vn/upload/ks3d/source/News/2023/t12/tt9-1.jpg]
[img.zing.vn/upload/ks3d/source/News/2023/t12/tt8.jpg]
[ttl3d.zing.vn/su-kien/nhat-dai-phu-gia/tranh-nguyen-chuyen-dan.html]
[img.zing.vn/upload/ks3d/source/News/2023/t12/at1.jpg]
[img.zing.vn/products/ks3d/subweb/2015/mini-event-style-4/images/bg-default.jpg]
[img.zing.vn/products/ks3d/subweb/2015/mini-event-style-4/css/mini-event-style-4.css]
[img.zing.vn/upload/ks3d/source/Event/All/sinhtuloidai_1.jpg]
[ttl3d.zing.vn/su-kien/sinh-tu-loi-dai/the-le-3129.html]
[img.zing.vn/upload/ks3d/source/News/2023/t3/phanthuongsinhtuloidai (1).png]
[ttl3d.zing.vn/su-kien/sinh-tu-loi-dai/phan-thuong-3130.html]
[img.zing.vn/upload/ks3d/source/News/2023/t3/lb1.jpg]
[img.zing.vn/upload/ks3d/source/News/2023/t3/lb2.jpg]
[ttl3d.zing.vn/su-kien/sinh-tu-loi-dai/lenh-bai-sinh-tu.html]
[img.zing.vn/upload/ks3d/source/Banner/banner-mainsite/2022/bannersinhtu.jpg]
[ttl3d.zing.vn/su-kien/sinh-tu-loi-dai/dang-ky-giai-dau-sinh-tu-loi-dai-2023.html]
[ttl3d.zing.vn/su-kien/sinh-tu-loi-dai/keo-dai-thoi-gian-dang-ky-giai-dau.html]
[ttl3d.zing.vn/su-kien/sinh-tu-loi-dai/danh-sach-dang-ky-sinh-tu-loi-dai-2023.html]
[img.zing.vn/upload/ks3d/source/News/2023/t3/Vong loai sinh tu loi dai.png]
[ttl3d.zing.vn/su-kien/sinh-tu-loi-dai/bang-thi-dau-sinh-tu-loi-dai.html]
[img.zing.vn/upload/ks3d/source/News/2023/t3/bângb.png]
[ttl3d.zing.vn/su-kien/sinh-tu-loi-dai/ket-qua-ngay-12-05-2023.html]
[img.zing.vn/upload/ks3d/source/News/2023/t3/bangcd.png]
[ttl3d.zing.vn/su-kien/sinh-tu-loi-dai/ket-qua-ngay-16-6.html]
[img.zing.vn/upload/ks3d/source/News/2023/t3/bracket-ttl3d.png]
[ttl3d.zing.vn/su-kien/sinh-tu-loi-dai/thoi-gian-boc-tham-chung-ket.html]
[img.zing.vn/upload/ks3d/source/News/2023/t3/vong chung ket.png]
[ttl3d.zing.vn/su-kien/sinh-tu-loi-dai/thoi-gian-vong-chung-ket.html]
[img.zing.vn/products/ks3d/subweb/2015/mini-event-style-4/js/mini-event-style-4.js]
[img.zing.vn/upload/ks3d/source/News/2023/t3/kq1.png]
[img.zing.vn/upload/ks3d/source/News/2023/t3/kq2.png]
[ttl3d.zing.vn/su-kien/de-nhat-cao-thu-thien-long-34/the-le-3056.html]
[ttl3d.zing.vn/su-kien/de-nhat-cao-thu-thien-long-34/dang-ky-3057.html]
[ttl3d.zing.vn/su-kien/de-nhat-cao-thu-thien-long-34/phan-thuong-3058.html]
[img.zing.vn/upload/ks3d/source/News/2023/t8/bang thi dau s35.png]
[ttl3d.zing.vn/su-kien/de-nhat-cao-thu-thien-long-34/lich-dau-3059.html]
[ttl3d.zing.vn/su-kien/de-nhat-cao-thu-thien-long-34/tin-tuc.1.html]
[img.zing.vn/upload/ks3d/source/Event/00-all-header/2022/headdn33.jpg]
[ttl3d.zing.vn/su-kien/de-nhat-cao-thu-thien-long-33/dang-ky-2882.html]
[ttl3d.zing.vn/su-kien/de-nhat-cao-thu-thien-long-33/phan-thuong-2883.html]
[img.zing.vn/upload/ks3d/source/News/2022/t9/BANGTHIDAU S33.png]
[ttl3d.zing.vn/su-kien/de-nhat-cao-thu-thien-long-33/lich-dau-2884.html]
[ttl3d.zing.vn/su-kien/de-nhat-cao-thu-thien-long-33/tin-tuc.1.html]
[img.zing.vn/products/vendor/plugin/images/box-num.png]
[img.zing.vn/products/vendor/plugin/images/btn-social.png]
[img.zing.vn/products/vendor/plugin/images/bg-social-nor.jpg]
[img.zing.vn/products/vendor/plugin/images/bg-social-hov.jpg]
[img.zing.vn/products/vendor/plugin/images/icon.png]
[img.zing.vn/products/vendor/plugin/social-style-vr3.min.css]
[connect.facebook.net/en_US/all.js]
[ttl3d.zing.vn/app_dev.html]
[ttl3d.zing.vn/app_dev.php/index.html]
[ttl3d.zing.vn/convert/index.html]
[img.zing.vn/products/ks/skin-2014/js-full/transit.min.js]
[img.zing.vn/products/ks/skin-2014/images/favorite.gif]
[ttl3d.zing.vn/convert/check.html]
[connect.facebook.net/en_US/sdk.js]
[ttl3d.zing.vn/Trident/index.html]
[ttl3d.zing.vn/Edge/index.html]
[ttl3d.zing.vn/Gecko/index.html]
[ttl3d.zing.vn/Firefox/index.html]
[ttl3d.zing.vn/Version/index.html]
[ttl3d.zing.vn/version/index-2.html]
[img.zing.vn/products/ks3d/skin-2014/images/btn_arrow_left.html]
[img.zing.vn/products/ks3d/skin-2014/images/thong-bao.html]
[img.zing.vn/products/ks3d/skin-2014/images/previous.html]
[img.zing.vn/upload/ks3d/source/News/2023/t12/lo4.jpg]
[img.zing.vn/upload/ks3d/source/News/2023/t12/bang dau s37.png]
[img.zing.vn/products/ks/convert/css/ks-convert-form.min.css]
[img.zing.vn/upload/ks3d/source/News/2023/t12/bb3 (1).png]
[ttl3d.zing.vn/tin-tuc/app_dev.html]
[img.zing.vn/upload/ks3d/source/News/2023/t12/ll2.jpg]
[ttl3d.zing.vn/su-kien/thien-giang-minh-chau-639/qua-tang-nap-the-3385.html]
[img.zing.vn/upload/ks3d/source/News/2023/t12/ll3.jpg]
[ttl3d.zing.vn/su-kien/thien-giang-minh-chau-639/kinh-hy-tam-lien-3386.html]
[img.zing.vn/upload/ks3d/source/News/2023/t12/ll4.jpg]
[ttl3d.zing.vn/su-kien/thien-giang-minh-chau-639/dung-doat-bao-ruong-3387.html]
[ttl3d.zing.vn/su-kien/thien-giang-minh-chau-639/chan-nghia-man-giang-ho-3388.html]
[img.zing.vn/upload/ks3d/source/News/2023/t12/ll5.jpg]
[ttl3d.zing.vn/su-kien/thien-giang-minh-chau-639/vong-quay-may-man-3389.html]
[img.zing.vn/upload/ks3d/source/News/2023/t12/ll1 (1).jpg]
[img.zing.vn/upload/ks3d/source/News/2023/t12/nt2.jpg]
[ttl3d.zing.vn/su-kien/tam-phuong-nha-ky/kinh-hy-tam-lien-3378.html]
[img.zing.vn/upload/ks3d/source/News/2023/t12/nt3.jpg]
[ttl3d.zing.vn/su-kien/tam-phuong-nha-ky/thien-giang-minh-chau-3379.html]
[img.zing.vn/upload/ks3d/source/News/2023/t12/nt4.jpg]
[img.zing.vn/upload/ks3d/source/News/2023/t12/nt5.jpg]
[img.zing.vn/upload/ks3d/source/News/2023/t12/nt6.jpg]
[img.zing.vn/upload/ks3d/source/News/2023/t12/nt7.jpg]
[img.zing.vn/upload/ks3d/source/News/2023/t12/nt8.jpg]
[img.zing.vn/upload/ks3d/source/News/2023/t12/nt9.jpg]
[img.zing.vn/upload/ks3d/source/News/2023/t12/nt9-1.jpg]
[img.zing.vn/upload/ks3d/source/News/2023/t12/nt9-2.jpg]
[img.zing.vn/upload/ks3d/source/News/2023/t12/nt9-3.jpg]
[ttl3d.zing.vn/su-kien/tam-phuong-nha-ky/tam-phuong-nha-ky.html]
[ttl3d.zing.vn/su-kien/tam-phuong-nha-ky/qua-tang-cuong-hoa-3381.html]
[img.zing.vn/upload/ks3d/source/News/2023/t12/nt9-4.jpg]
[img.zing.vn/upload/ks3d/source/News/2023/t12/nt9-5.jpg]
[ttl3d.zing.vn/su-kien/tam-phuong-nha-ky/than-co-chuyen-dan.html]
[img.zing.vn/upload/ks3d/source/News/2023/t12/nt1.jpg]
[img.zing.vn/upload/ks3d/source/News/2023/t12/tg1 (1).jpg]
[ttl3d.zing.vn/su-kien/thien-giang-minh-chau-636/thien-giang-minh-chau-3372.html]
[img.zing.vn/upload/ks3d/source/News/2023/t12/tg2 (1).jpg]
[ttl3d.zing.vn/su-kien/thien-giang-minh-chau-636/qua-tang-nap-the-3373.html]
[img.zing.vn/upload/ks3d/source/News/2023/t12/tg55.jpg]
[ttl3d.zing.vn/su-kien/thien-giang-minh-chau-636/kinh-hy-tam-lien-3374.html]
[img.zing.vn/upload/ks3d/source/News/2023/t12/tg4.jpg]
[ttl3d.zing.vn/su-kien/thien-giang-minh-chau-636/vang-danh-giang-ho-3375.html]
[ttl3d.zing.vn/su-kien/thien-giang-minh-chau-636/quy-phu-than-cong-3376.html]
[img.zing.vn/upload/ks3d/source/News/2023/t12/gg2.jpg]
[ttl3d.zing.vn/su-kien/thien-giang-minh-chau-634/qua-tang-nap-the-3366.html]
[img.zing.vn/upload/ks3d/source/News/2023/t12/gg3.jpg]
[ttl3d.zing.vn/su-kien/thien-giang-minh-chau-634/kinh-hy-tam-lien-3367.html]
[img.zing.vn/upload/ks3d/source/News/2023/t12/gg4.jpg]
[img.zing.vn/upload/ks3d/source/News/2023/t12/gg5.jpg]
[ttl3d.zing.vn/su-kien/thien-giang-minh-chau-634/mac-nhiem-chuyen-dan.html]
[img.zing.vn/upload/ks3d/source/News/2023/t12/gg1 (3).jpg]
[img.zing.vn/upload/ks3d/source/Event/00-all-header/2022/1605.png]
[img.zing.vn/upload/ks3d/source/News/2023/t9/112.jpg]
[ttl3d.zing.vn/su-kien/kinh-hy-tam-lien-633/qua-tang-nap-the-3361.html]
[img.zing.vn/upload/ks3d/source/News/2023/t9/113.jpg]
[ttl3d.zing.vn/su-kien/kinh-hy-tam-lien-633/kinh-hy-tam-lien-3362.html]
[img.zing.vn/upload/ks3d/source/News/2023/t9/114.jpg]
[ttl3d.zing.vn/su-kien/kinh-hy-tam-lien-633/dung-doat-bao-ruong-3363.html]
[img.zing.vn/upload/ks3d/source/News/2023/t9/115.jpg]
[ttl3d.zing.vn/su-kien/kinh-hy-tam-lien-633/vong-quay-may-man-3364.html]
[img.zing.vn/upload/ks3d/source/Event/00-all-header/2022/kk1.jpg]
[img.zing.vn/upload/ks3d/source/News/2023/t9/ff2.jpg]
[ttl3d.zing.vn/su-kien/kinh-hy-tam-lien-632/thien-giang-minh-chau-3355.html]
[img.zing.vn/upload/ks3d/source/News/2023/t9/ff3.jpg]
[ttl3d.zing.vn/su-kien/kinh-hy-tam-lien-632/vang-danh-giang-ho-3356.html]
[img.zing.vn/upload/ks3d/source/News/2023/t9/fff5.jpg]
[ttl3d.zing.vn/su-kien/kinh-hy-tam-lien-632/qua-tang-nap-the-3357.html]
[img.zing.vn/upload/ks3d/source/News/2022/t11/y5.jpg]
[img.zing.vn/upload/ks3d/source/News/2022/t11/y6.jpg]
[img.zing.vn/upload/ks3d/source/News/2022/t11/y7.jpg]
[ttl3d.zing.vn/su-kien/kinh-hy-tam-lien-632/hoan-dien-cong-senh-ca-3358.html]
[img.zing.vn/upload/ks3d/source/News/2023/t9/fff4.jpg]
[img.zing.vn/upload/ks3d/source/News/2023/t9/ff5.jpg]
[ttl3d.zing.vn/su-kien/kinh-hy-tam-lien-632/phung-tri-chuyen-dan.html]
[img.zing.vn/upload/ks3d/source/News/2023/t9/ff1.jpg]
[img.zing.vn/upload/ks3d/source/News/2022/t9/loi4.png]
[img.zing.vn/upload/ks3d/source/News/2023/t12/map.png]
[img.zing.vn/upload/ks3d/source/cam-nang/trang-bi/long-van/10.jpg]
[img.zing.vn/upload/ks3d/source/cam-nang/trang-bi/long-van/12.jpg]
[img.zing.vn/upload/ks3d/source/cam-nang/trang-bi/long-van/15.jpg]
[img.zing.vn/products/vendor/general/banner-center/images/bg-check.png]
[img.zing.vn/products/vendor/general/banner-center/images/popup-new-cookie-close.gif]
[img.zing.vn/products/vendor/general/banner-center/css/ads-banner.css]
[img.zing.vn/products/ks3d/skin-2014/images/sprite-tab-uti.png]
[img.zing.vn/products/ks3d/skin-2014/images/bg-cbx-ranking.png]
[img.zing.vn/products/ks3d/skin-2014/images/loop-bg.jpg]
[img.zing.vn/products/ks3d/skin-2014/images/bg-2015-08.jpg]
[img.zing.vn/products/ks3d/skin-2014/images/sprite-icon-uti.png]
[img.zing.vn/products/ks3d/skin-2014/images/main-menu-.png]
[img.zing.vn/products/ks3d/skin-2014/images/line-sub.png]
[img.zing.vn/products/ks3d/skin-2014/images/btn_chuyendoitk.jpg]
[img.zing.vn/products/ks3d/skin-2014/images/bg-footer.jpg]
[img.zing.vn/products/ks3d/skin-2014/images/menu-mon-phai.jpg]
[img.zing.vn/products/ks3d/skin-2014/images/menu-mon-phai-hv.jpg]
[img.zing.vn/products/ks3d/skin-2014/images/bg-monphai.jpg]
[img.zing.vn/products/ks3d/skin-2014/images/char/duong-mon.jpg]
[img.zing.vn/products/ks3d/skin-2014/images/char/cai-bang.jpg]
[img.zing.vn/products/ks3d/skin-2014/images/char/thieu-lam.jpg]
[img.zing.vn/products/ks3d/skin-2014/images/char/tieu-dao.jpg]
[img.zing.vn/products/ks3d/skin-2014/images/char/minh-giao.jpg]
[img.zing.vn/products/ks3d/skin-2014/images/char/mo-dung.jpg]
[img.zing.vn/products/ks3d/skin-2014/images/char/nga-my.jpg]
[img.zing.vn/products/ks3d/skin-2014/images/char/thien-long.jpg]
[img.zing.vn/products/ks3d/skin-2014/images/char/tinh-tuc.jpg]
[img.zing.vn/products/ks3d/skin-2014/images/char/vo-dang.jpg]
[img.zing.vn/products/ks3d/skin-2014/images/char/thien-son.jpg]
[img.zing.vn/products/ks3d/skin-2014/images/char/btn-close-char.png]
[img.zing.vn/products/ks3d/skin-2014/images/bg-center.jpg]
[img.zing.vn/products/ks3d/skin-2014/images/btn-slide-sect.png]
[img.zing.vn/products/ks3d/skin-2014/images/tab-action.jpg]
[img.zing.vn/products/ks3d/skin-2014/images/loop-bg-act.jpg]
[img.zing.vn/products/ks3d/skin-2014/images/gallery-cctalk.jpg]
[img.zing.vn/products/ks3d/skin-2014/images/bg-guide.png]
[img.zing.vn/products/ks3d/skin-2014/images/tab-guide.png]
[img.zing.vn/products/ks3d/skin-2014/images/sprite-guide.png]
[img.zing.vn/products/ks3d/skin-2014/images/bg-guide-beginer.png]
[img.zing.vn/products/ks3d/skin-2014/images/bullet-guide.png]
[img.zing.vn/products/ks3d/skin-2014/images/tab-ability.png]
[img.zing.vn/products/ks3d/skin-2014/images/bg-bxh.png]
[img.zing.vn/products/ks3d/skin-2014/images/cai-dat.gif]
[img.zing.vn/products/ks3d/skin-2014/images/cai-dat-hov.jpg]
[img.zing.vn/products/ks3d/skin-2014/images/HD_NhanCode.png]
[img.zing.vn/products/ks3d/skin-2014/images/tintucbaochi.png]
[img.zing.vn/products/ks3d/skin-2014/images/bg-baochi.png]
[img.zing.vn/products/ks3d/skin-2014/images/bg-hoptac.jpg]
[img.zing.vn/products/ks3d/skin-2014/images/xemthem.png]
[img.zing.vn/products/ks3d/skin-2014/images/title-block-news.jpg]
[img.zing.vn/products/ks3d/skin-2014/css-full/style.css]
[img.zing.vn/products/ks3d/skin-2014/images/bg-left.png]
[img.zing.vn/products/ks3d/skin-2014/images/sub-btn-tai-game.png]
[img.zing.vn/products/ks3d/skin-2014/images/sub-btn-tai-game-hv.png]
[img.zing.vn/products/ks3d/skin-2014/images/sub-regis-card.png]
[img.zing.vn/products/ks3d/skin-2014/images/sub-bg-search.jpg]
[img.zing.vn/products/ks3d/skin-2014/images/news-title.jpg]
[img.zing.vn/products/ks3d/skin-2014/images/guild-title.jpg]
[img.zing.vn/products/ks3d/skin-2014/images/bg-breadcrumd.png]
[img.zing.vn/products/ks3d/skin-2014/images/content-center.jpg]
[img.zing.vn/products/ks3d/skin-2014/images/content-top.jpg]
[img.zing.vn/products/ks3d/skin-2014/images/content-bottom.jpg]
[img.zing.vn/products/ks3d/skin-2014/images/btn-top.png]
[img.zing.vn/products/ks3d/skin-2014/css-full/subpage.css]
[img.zing.vn/products/ks3d/skin-2014/images/content/arrow.png]
[img.zing.vn/products/ks3d/skin-2014/images/breakcrumd-home.png]
[img.zing.vn/products/ks3d/skin-2014/images/content/icon_h2.png]
[img.zing.vn/products/ks3d/skin-2014/images/content/icon_h3.png]
[img.zing.vn/products/ks3d/skin-2014/images/content/ul-icon.gif]
[img.zing.vn/products/ks3d/skin-2014/images/content/icon_dash.gif]
[img.zing.vn/products/ks3d/skin-2014/images/content/bg-paging.png]
[img.zing.vn/products/ks3d/skin-2014/images/content/icon_h6.png]
[img.zing.vn/products/ks3d/skin-2014/images/taigame-full.jpg]
[img.zing.vn/products/ks3d/skin-2014/images/taigame-normal.jpg]
[img.zing.vn/products/ks3d/skin-2014/css-full/content-new.css]
[img.zing.vn/products/ks3d/skin-2014/images/arrow.png]
[img.zing.vn/products/ks3d/skin-2014/images/arrow-active.png]
[img.zing.vn/products/ks3d/skin-2014/images/bg-nav-active.jpg]
[img.zing.vn/products/ks3d/skin-2014/images/bg-nav.jpg]
[img.zing.vn/products/ks3d/skin-2014/images/has-sub.png]
[img.zing.vn/products/ks3d/skin-2014/images/has-sub-open.png]
[img.zing.vn/products/ks3d/skin-2014/images/bg-nav-sub.jpg]
[img.zing.vn/products/ks3d/skin-2014/css-full/navigation-left.css]
[img.zing.vn/products/ks3d/skin-2014/images/bg-event-time.jpg]
[img.zing.vn/products/ks3d/skin-2014/images/event-more-nor.png]
[img.zing.vn/products/ks3d/skin-2014/css-full/list-event.css]
[img.zing.vn/products/ks3d/skin-2014/css-full/list-search.css]
[img.zing.vn/products/ks3d/skin-2014/images/icon-zoom.png]
[img.zing.vn/products/ks3d/skin-2014/images/icon-play-gallery.png]
[img.zing.vn/products/ks3d/skin-2014/images/icon-play-gallery-hv.png]
[img.zing.vn/products/ks3d/skin-2014/css-full/list-gallery.css]
[img.zing.vn/products/ks3d/skin-2014/css-full/paging.css]
[img.zing.vn/products/vendor/fancybox/helpers/jquery.fancybox-thumbs.css]
[img.zing.vn/products/vendor/fancybox/jquery.fancybox.css]
[ttl3d.zing.vn/app_dev.php/index-2.html]
[ttl3d.zing.vn/app_dev.php/tin-tuc/danh-sach.1.html]
[ttl3d.zing.vn/app_dev.php/su-kien/danh-sach.1.html]
[ttl3d.zing.vn/app_dev.php/bai-viet/huong-dan/tai-game-ttl.html]
[ttl3d.zing.vn/app_dev.php/bai-viet/huong-dan/giao-dien-tro-choi.html]
[ttl3d.zing.vn/app_dev.php/bai-viet/huong-dan/cap-1-cap-20.html]
[img.zing.vn/upload/ks/source/News/news/cctalk_tanthienlong1.jpg]
[ttl3d.zing.vn/tin-tuc/tin-tuc/hay-de-chung-toi-nghe-ban.html]
[img.zing.vn/upload/ks/source/News/news/thongcao_main.jpg]
[ttl3d.zing.vn/tin-tuc/tin-tuc/quan-trong-thoi-gian-lay-du-lieu-nhan-vat.html]
[img.zing.vn/upload/ks/source/News/chuyendoi_huongdan/hinh1.jpg]
[img.zing.vn/upload/ks/source/News/chuyendoi_huongdan/hinh2.jpg]
[img.zing.vn/upload/ks/source/News/chuyendoi_huongdan/hinh5.jpg]
[img.zing.vn/upload/ks/source/News/chuyendoi_huongdan/hinh3.jpg]
[img.zing.vn/upload/ks/source/News/chuyendoi_huongdan/hinh4.jpg]
[img.zing.vn/upload/ks/source/News/chuyendoi_huongdan/hinh7.jpg]
[img.zing.vn/upload/ks/source/News/chuyendoi_huongdan/hinh6.jpg]
[ttl3d.zing.vn/tin-tuc/tin-tuc/huong-dan-chuyen-doi-tai-khoan-tlbb-cu-qua-zingid.html]
[img.zing.vn/products/vendor/jquery/jquery.min.js]
[img.zing.vn/products/vendor/velocity/jquery.velocity.min.js]
[img.zing.vn/products/vendor/general/widget-login/widget-login-ks.js]
[img.zing.vn/products/vendor/plugin/swfobject-2.2.js]
[img.zing.vn/products/vendor/general/trackvmas/track-mas-client-test.js]
[img.zing.vn/products/vendor/general/trackvmas/track-vmas.js]
[img.zing.vn/products/vendor/general/trackgoogle/ga-ks3d-uni.js]
[img.zing.vn/products/vendor/general/trackgoogle/tracking-event-analytics.js]
[img.zing.vn/products/vendor/plugin/socialPlugin-vr3.js]
[img.zing.vn/products/vendor/general/banner-center/js/ads-banner-2.0-gauniversal.js]
[img.zing.vn/products/vendor/general/call-function/call-function-ks3d.js]
[img.zing.vn/products/vendor/fancybox/jquery.fancybox.pack.js]
[img.zing.vn/products/vendor/fancybox/helpers/jquery.fancybox-thumbs.js]
[img.zing.vn/products/vendor/fancybox/helpers/jquery.fancybox-media.js]
[img.zing.vn/products/ks3d/skin-2014/js-full/jquery.twbsPagination.js]
[img.zing.vn/products/ks3d/skin-2014/js-full/activeMenu.js]
[img.zing.vn/products/ks3d/skin-2014/js-full/helper.js]
[img.zing.vn/products/ks3d/skin-2014/js-full/jquery.jcarousel.min.js]
[img.zing.vn/products/ks3d/skin-2014/js-full/navigation-left.js]
[img.zing.vn/products/ks3d/skin-2014/js-full/smoothscroll.js]
[img.zing.vn/products/ks3d/skin-2014/js-full/jTopslide.js]
[img.zing.vn/products/ks3d/skin-2014/js-full/vportal/vportal.js]
[img.zing.vn/products/ks3d/skin-2014/js-full/common.js]
[img.zing.vn/products/ks3d/subweb/2018-thien-long-ngu-tuyet/images/article/Note.html]
[ttl3d.zing.vn/su-kien/tuyet-dinh-song-hung/tin-tuc/dang-ky-bao-thach-giai-dau-cua-thien-long-tuyet-dinh-song-hung-2023.html]
[img.zing.vn/upload/ks3d/source/News/2023/t9/vck_ttl.png]
[img.zing.vn/upload/ks3d/source/News/2023/t9/Bang A - H.png]
[ttl3d.zing.vn/su-kien/tuyet-dinh-song-hung/tin-tuc/ket-qua-chung-cuoc-tuyet-dinh-song-hung-2023.html]
[img.zing.vn/upload/ks3d/source/News/2023/t9/vck song hung.png]
[ttl3d.zing.vn/su-kien/tuyet-dinh-song-hung/tin-tuc/bang-dau-chung-ket.html]
[img.zing.vn/upload/ks3d/source/News/2023/t9/Bang dau chung ket.png]
[ttl3d.zing.vn/su-kien/tuyet-dinh-song-hung/tin-tuc/thoi-gian-boc-tham-va-thi-dau-vong-chung-ket.html]
[img.zing.vn/upload/ks3d/source/News/2023/t9/VL2_bang3.png]
[img.zing.vn/upload/ks3d/source/News/2023/t9/VL2_bang4.png]
[ttl3d.zing.vn/su-kien/tuyet-dinh-song-hung/tin-tuc/ket-qua-thi-dau-vong-loai-2-bang-3-va-4.html]
[img.zing.vn/upload/ks3d/source/News/2023/t9/bang1.png]
[img.zing.vn/upload/ks3d/source/News/2023/t9/bang2.png]
[ttl3d.zing.vn/su-kien/tuyet-dinh-song-hung/tin-tuc/ket-qua-vong-loai-2-bang-1-bang-2.html]
[img.zing.vn/upload/ks3d/source/News/2023/t9/Bang dau so loai 2 - ds.png]
[ttl3d.zing.vn/su-kien/tuyet-dinh-song-hung/tin-tuc/bang-dau-vong-loai-2.html]
[img.zing.vn/upload/ks3d/source/News/2023/t9/download.png]
[ttl3d.zing.vn/su-kien/tuyet-dinh-song-hung/tin-tuc/thoi-gian-boc-tham-va-bo-sung-the-le-vong-loai-2.html]
[ttl3d.zing.vn/su-kien/tuyet-dinh-song-hung/tin-tuc/ket-qua-vong-loai-1-bang-g-bang-h.html]
[ttl3d.zing.vn/su-kien/tuyet-dinh-song-hung/tin-tuc/ket-qua-vong-loai-1-bang-e-f.html]
[ttl3d.zing.vn/su-kien/tuyet-dinh-song-hung/tin-tuc/ket-qua-vong-loai-1-bang-c-bang-d.html]
[ttl3d.zing.vn/su-kien/tuyet-dinh-song-hung/tin-tuc/ket-qua-vong-loai-1-bang-a-b.html]
[img.zing.vn/upload/ks3d/source/News/2023/t9/q1 (1).jpg]
[img.zing.vn/upload/ks3d/source/News/2023/t9/q2 (1).jpg]
[ttl3d.zing.vn/su-kien/tuyet-dinh-song-hung/tin-tuc/quy-trinh-tran-dau.html]
[ttl3d.zing.vn/su-kien/tuyet-dinh-song-hung/tin-tuc/danh-sach-32-doi-chinh-thuc-tham-gia-vong-loai-1.html]
[ttl3d.zing.vn/su-kien/tuyet-dinh-song-hung/tin-tuc/danh-sach-dang-ky-giai-dau-tltdsh-2023.html]
[img.zing.vn/upload/ks3d/source/News/2021/t9/kn1.png]
[img.zing.vn/upload/ks3d/source/News/2021/t9/kn23.png]
[img.zing.vn/upload/ks3d/source/News/2021/t9/kn2.png]
[img.zing.vn/upload/ks3d/source/News/2021/t9/kn24.png]
[img.zing.vn/upload/ks3d/source/News/2021/t9/kn3.png]
[img.zing.vn/upload/ks3d/source/News/2021/t9/kn25.png]
[img.zing.vn/upload/ks3d/source/News/2021/t9/kn4.png]
[img.zing.vn/upload/ks3d/source/News/2021/t9/kn26.png]
[img.zing.vn/upload/ks3d/source/News/2021/t9/kn5.png]
[img.zing.vn/upload/ks3d/source/News/2021/t9/kn27.png]
[img.zing.vn/upload/ks3d/source/News/2021/t9/kn6.png]
[img.zing.vn/upload/ks3d/source/News/2021/t9/kn28.png]
[img.zing.vn/upload/ks3d/source/News/2021/t9/kn7.png]
[img.zing.vn/upload/ks3d/source/News/2021/t9/kn29.png]
[img.zing.vn/upload/ks3d/source/News/2021/t9/kn8.png]
[img.zing.vn/upload/ks3d/source/News/2021/t9/kn30.png]
[img.zing.vn/upload/ks3d/source/News/2021/t9/kn9.png]
[img.zing.vn/upload/ks3d/source/News/2021/t9/kn31.png]
[img.zing.vn/upload/ks3d/source/News/2021/t9/kn10.png]
[img.zing.vn/upload/ks3d/source/News/2021/t9/kn32.png]
[img.zing.vn/upload/ks3d/source/News/2021/t9/kn11.png]
[img.zing.vn/upload/ks3d/source/News/2021/t9/kn12.png]
[img.zing.vn/upload/ks3d/source/News/2021/t9/kn33.png]
[img.zing.vn/upload/ks3d/source/News/2021/t9/kn13.png]
[img.zing.vn/upload/ks3d/source/News/2021/t9/kn34.png]
[img.zing.vn/upload/ks3d/source/News/2023/t9/ld.jpg]
[img.zing.vn/upload/ks3d/source/News/2021/t9/kn35.png]
[img.zing.vn/upload/ks3d/source/News/2023/t9/tt1.jpg]
[img.zing.vn/upload/ks3d/source/News/2023/t9/tt2.jpg]
[img.zing.vn/upload/ks3d/source/News/2023/t9/tt3.jpg]
[img.zing.vn/upload/ks3d/source/News/2023/t9/tt4.jpg]
[img.zing.vn/upload/ks3d/source/News/2023/t9/tt5.jpg]
[img.zing.vn/upload/ks3d/source/News/2023/t9/tt6.jpg]
[img.zing.vn/upload/ks3d/source/News/2023/t9/tln1.jpg]
[img.zing.vn/upload/ks3d/source/News/2023/t9/tln2.jpg]
[img.zing.vn/upload/ks3d/source/News/2021/t9/kn19.png]
[img.zing.vn/upload/ks3d/source/News/2021/t9/kn40.png]
[img.zing.vn/upload/ks3d/source/News/2021/t9/kn20.png]
[img.zing.vn/upload/ks3d/source/News/2021/t9/kn41.png]
[img.zing.vn/upload/ks3d/source/News/2021/t9/kn21.png]
[img.zing.vn/upload/ks3d/source/News/2021/t9/kn42.png]
[img.zing.vn/upload/ks3d/source/News/2021/t9/kn22.png]
[img.zing.vn/upload/ks3d/source/News/2021/t9/kn43.png]
[img.zing.vn/upload/ks3d/source/News/2021/t9/phi1.png]
[img.zing.vn/upload/ks3d/source/News/2021/t9/phi2.png]
[img.zing.vn/upload/ks3d/source/News/2021/t9/phi3.png]
[img.zing.vn/upload/ks3d/source/News/2021/t9/phi4.png]
[img.zing.vn/upload/ks3d/source/News/2021/t9/phi5.png]
[img.zing.vn/upload/ks3d/source/News/2021/t9/phi6.png]
[img.zing.vn/upload/ks3d/source/News/2021/t9/phi7.png]
[img.zing.vn/upload/ks3d/source/News/2021/t9/phi8.png]
[img.zing.vn/upload/ks3d/source/News/2021/t9/phi9.png]
[img.zing.vn/upload/ks3d/source/News/2021/t9/phi10.png]
[img.zing.vn/upload/ks3d/source/News/2021/t9/phi11.png]
[img.zing.vn/upload/ks3d/source/News/2021/t9/phi12.png]
[img.zing.vn/upload/ks3d/source/News/2021/t9/phi13.png]
[img.zing.vn/upload/ks3d/source/News/2021/t9/phi14.png]
[img.zing.vn/upload/ks3d/source/News/2021/t9/phi15.png]
[img.zing.vn/upload/ks3d/source/News/2021/t9/phi16.png]
[img.zing.vn/upload/ks3d/source/News/2021/t9/phi17.png]
[img.zing.vn/upload/ks3d/source/News/2021/t9/phi18.png]
[img.zing.vn/upload/ks3d/source/News/2021/t9/phi19.png]
[img.zing.vn/upload/ks3d/source/News/2021/t9/phi20.png]
[img.zing.vn/upload/ks3d/source/News/2021/t9/phi21.png]
[img.zing.vn/upload/ks3d/source/News/2021/t9/phi22.png]
[img.zing.vn/upload/ks3d/source/News/2023/t9/tt7.jpg]
[img.zing.vn/upload/ks3d/source/News/2023/t9/tt8.jpg]
[img.zing.vn/upload/ks3d/source/News/2021/t10/upd1.jpg]
[img.zing.vn/upload/ks3d/source/News/2021/t10/upd2.jpg]
[img.zing.vn/upload/ks3d/source/News/2023/t9/tt9-2.jpg]
[img.zing.vn/upload/ks3d/source/News/2023/t9/tt9-3.jpg]
[img.zing.vn/upload/ks3d/source/News/2023/t9/tt9-4.jpg]
[img.zing.vn/upload/ks3d/source/News/2023/t9/tt9-5.jpg]
[img.zing.vn/upload/ks3d/source/News/2023/t9/tt9-6.jpg]
[img.zing.vn/upload/ks3d/source/News/2023/t9/tt9-7.jpg]
[img.zing.vn/upload/ks3d/source/News/2023/t9/tt9-8.jpg]
[img.zing.vn/upload/ks3d/source/News/2023/t9/tt9-9.jpg]
[img.zing.vn/upload/ks3d/source/News/2023/t9/tt10.jpg]
[img.zing.vn/upload/ks3d/source/News/2023/t9/tt10-1.jpg]
[img.zing.vn/upload/ks3d/source/News/2023/t9/tt10-2.jpg]
[img.zing.vn/upload/ks3d/source/News/2023/t9/tt10-3.jpg]
[img.zing.vn/upload/ks3d/source/News/2023/t9/tt10-4.jpg]
[img.zing.vn/upload/ks3d/source/News/GetAttachmentThumbnail (1).jpg]
[ttl3d.zing.vn/su-kien/tuyet-dinh-song-hung/tin-tuc/danh-sach-buff-cam-144.html]
[ttl3d.zing.vn/su-kien/may-chu-moi-thien-long-37/t5w5n504c4m4m4d4y3r2s2v223h284t2v2a4b2t2.html]
[img.zing.vn/products/ks3d/subweb/cai-dat-ttl-be-ip6/images/bg-loop.jpg]
[img.zing.vn/products/ks3d/subweb/cai-dat-ttl-be-ip6/images/tab-bg.gif]
[img.zing.vn/products/ks3d/subweb/cai-dat-ttl-be-ip6/css/swcai-dat-ttl-be-ip6-v3.css]
[img.zing.vn/upload/ks3d/source/Event/cai-game-mau-mau/caigamemau.jpg]
[ttl3d.zing.vn/su-kien/cai-game-mau-mau-nhan-iphone-6/the-le.html]
[img.zing.vn/upload/ks3d/source/Event/cai-game-mau-mau/thamgia.jpg]
[img.zing.vn/upload/ks3d/source/Event/cai-game-mau-mau/thamgia1.jpg]
[img.zing.vn/upload/ks3d/source/Event/cai-game-mau-mau/1_1.jpg]
[img.zing.vn/upload/ks3d/source/Event/cai-game-mau-mau/2_1.jpg]
[img.zing.vn/upload/ks3d/source/Event/cai-game-mau-mau/3_1.jpg]
[img.zing.vn/upload/ks3d/source/Event/cai-game-mau-mau/4_1.jpg]
[ttl3d.zing.vn/su-kien/cai-game-mau-mau-nhan-iphone-6/tham-gia-42.html]
[img.zing.vn/upload/ks3d/source/Event/cai-game-mau-mau/promotioncb5.png]
[img.zing.vn/products/ks3d/subweb/cai-dat-ttl-be-ip6/js/swcai-dat-ttl-be-ip6-vr3.js]
[img.zing.vn/upload/ks3d/source/News/2023/t12/pp2.jpg]
[ttl3d.zing.vn/su-kien/thien-giang-minh-chau-643/app_dev.html]
[img.zing.vn/upload/ks3d/source/News/2023/t12/lo2.jpg]
[img.zing.vn/upload/ks3d/source/News/2023/t12/lo3.jpg]
[img.zing.vn/upload/ks3d/source/News/2023/t12/at2.jpg]
[img.zing.vn/upload/ks3d/source/News/2023/t9/img16 (1).png]
[img.zing.vn/upload/ks3d/source/News/2023/t3/phanthuongsinhtuloidai (1).png]
[img.zing.vn/upload/ks3d/source/News/2023/t3/Vong loai sinh tu loi dai.png]
[img.zing.vn/upload/ks3d/source/News/2023/t3/bracket-ttl3d.png]
[img.zing.vn/upload/ks3d/source/News/2023/t3/vong chung ket.png]
[ttl3d.zing.vn/su-kien/sinh-tu-loi-dai/app_dev.html]
[ttl3d.zing.vn/su-kien/de-nhat-cao-thu-thien-long-34/tin-tuc/trao-thuong-de-nhat-cao-thu-thien-long-34.html]
[ttl3d.zing.vn/su-kien/de-nhat-cao-thu-thien-long-34/tin-tuc/thoi-gian-thi-dau-vong-chung-ket-de-nhat-cao-thu-thien-long-34.html]
[ttl3d.zing.vn/su-kien/de-nhat-cao-thu-thien-long-34/tin-tuc/ket-qua-vong-loai-de-nhat-cao-thu-thien-long-34.html]
[ttl3d.zing.vn/su-kien/de-nhat-cao-thu-thien-long-34/tin-tuc/danh-sach-dang-ky-giai-dau-de-nhat-cao-thu-thien-long-34.html]
[ttl3d.zing.vn/su-kien/de-nhat-cao-thu-thien-long-33/tin-tuc/trao-thuong-de-nhat-cao-thu-thien-long-33.html]
[img.zing.vn/upload/ks3d/source/News/2022/t9/ck.png]
[ttl3d.zing.vn/su-kien/de-nhat-cao-thu-thien-long-33/tin-tuc/ket-qua-de-nhat-cao-thu-thien-long-33-vong-chung-ket.html]
[img.zing.vn/upload/ks3d/source/News/2022/t10/ketqua33.png]
[ttl3d.zing.vn/su-kien/de-nhat-cao-thu-thien-long-33/tin-tuc/cap-nhat-ket-qua-vong-loai.html]
[ttl3d.zing.vn/su-kien/de-nhat-cao-thu-thien-long-33/tin-tuc/danh-sach-dang-ky-de-nhat-cao-thu-33.html]
[img.zing.vn/products/vendor/plugin/images/btn-share.html]
[img.zing.vn/products/vendor/plugin/images/btn-dev.html]
[ttl3d.zing.vn/app_dev.php/tin-tuc/tin-tuc/10-01-thong-bao-bao-tri-may-chu.html]
[ttl3d.zing.vn/app_dev.php/tin-tuc/tin-tuc/03-01-bao-tri-toan-bo-may-chu.html]
[img.zing.vn/products/ks3d/subweb/2015/mini-event-style-2/css-full/main.css]
[ttl3d.zing.vn/app_dev.php/su-kien/thien-giang-minh-chau-643/thien-giang-minh-chau-3408.html]
[ttl3d.zing.vn/app_dev.php/su-kien/vang-danh-giang-ho-642/thien-giang-minh-chau-3402.html]
[ttl3d.zing.vn/app_dev.php/su-kien/nhat-dai-phu-gia/qua-tang-nap-the-3390.html]
[img.zing.vn/products/ks/convert/images/bg_form.jpg]
[img.zing.vn/products/ks/convert/css/ks-convert-form.min.css]
[img.zing.vn/upload/ks3d/source/News/2023/t12/ll2.jpg]
[img.zing.vn/upload/ks3d/source/News/2023/t12/ll3.jpg]
[img.zing.vn/upload/ks3d/source/News/2023/t12/ll4.jpg]
[img.zing.vn/upload/ks3d/source/News/2023/t12/nt2.jpg]
[img.zing.vn/upload/ks3d/source/News/2023/t12/nt3.jpg]
[img.zing.vn/upload/ks3d/source/News/2023/t12/tg1 (1).jpg]
[img.zing.vn/upload/ks3d/source/News/2023/t12/tg2 (1).jpg]
[img.zing.vn/upload/ks3d/source/News/2023/t12/tg4.jpg]
[img.zing.vn/upload/ks3d/source/News/2023/t12/gg2.jpg]
[img.zing.vn/upload/ks3d/source/News/2023/t12/gg3.jpg]
[img.zing.vn/upload/ks3d/source/News/2023/t9/112.jpg]
[img.zing.vn/upload/ks3d/source/News/2023/t9/113.jpg]
[img.zing.vn/upload/ks3d/source/News/2023/t9/114.jpg]
[img.zing.vn/upload/ks3d/source/News/2023/t9/ff2.jpg]
[img.zing.vn/upload/ks3d/source/News/2023/t9/ff3.jpg]
[img.zing.vn/upload/ks3d/source/News/2023/t9/fff5.jpg]
[img.zing.vn/products/ks3d/skin-2014/images/btn_arrow_right.html]
[img.zing.vn/products/ks3d/skin-2014/images/content/icon.html]
[img.zing.vn/products/ks3d/skin-2014/images/bt_first.html]
[img.zing.vn/products/ks3d/skin-2014/images/bt_pre.html]
[img.zing.vn/products/ks3d/skin-2014/images/bt_next.html]
[img.zing.vn/products/ks3d/skin-2014/images/bt_last.html]
[img.zing.vn/products/ks3d/skin-2014/images/bt_first_hov.html]
[img.zing.vn/products/ks3d/skin-2014/images/bt_pre_hov.html]
[img.zing.vn/products/ks3d/skin-2014/images/bt_next_hov.html]
[img.zing.vn/products/ks3d/skin-2014/images/bt_last_hov.html]
[img.zing.vn/products/ks3d/skin-2014/images/content/largerIcon.html]
[img.zing.vn/products/ks3d/skin-2014/images/content/icon-disc.html]
[img.zing.vn/products/ks3d/skin-2014/images/news/button_tim.html]
[img.zing.vn/products/ks3d/skin-2014/images/bg-title.html]
[img.zing.vn/products/ks3d/skin-2014/images/slider.html]
[img.zing.vn/products/ks3d/skin-2014/images/content/icon-function.html]
[img.zing.vn/products/ks3d/skin-2014/images/content/icon-1.html]
[img.zing.vn/products/ks3d/skin-2014/images/next.html]
[img.zing.vn/products/ks3d/skin-2014/images/sprevious.html]
[img.zing.vn/products/ks3d/skin-2014/images/snext.html]
[ttl3d.zing.vn/app_dev.php/tin-tuc/tin-tuc/danh-sach-dang-ky-giai-dau-thien-long-37.html]
[ttl3d.zing.vn/app_dev.php/tin-tuc/tin-tuc/31-12-bao-tri-toan-bo-may-chu-4032.html]
[img.zing.vn/products/ks3d/subweb/2018-thien-long-ngu-tuyet/js-full/jquery.min.js]
[ttl3d.zing.vn/app_dev.php/su-kien/de-nhat-cao-thu-thien-long-37/tin-tuc.1.html]
[ttl3d.zing.vn/app_dev.php/su-kien/thien-giang-minh-chau-639/thien-giang-minh-chau-3384.html]
[ttl3d.zing.vn/app_dev.php/su-kien/vang-danh-thien-ha-2023/noi-dung-3383.html]
[ttl3d.zing.vn/app_dev.php/su-kien/tam-phuong-nha-ky/qua-tang-nap-the-3377.html]
[ttl3d.zing.vn/app_dev.php/su-kien/may-chu-moi-thien-long-37/noi-dung-3369.html]
[ttl3d.zing.vn/app_dev.php/su-kien/thien-giang-minh-chau-636/sinh-tieu-loi-dai-3371.html]
[ttl3d.zing.vn/app_dev.php/su-kien/thien-giang-minh-chau-634/thien-giang-minh-chau-3365.html]
[ttl3d.zing.vn/app_dev.php/su-kien/kinh-hy-tam-lien-633/thien-giang-minh-chau-3360.html]
[ttl3d.zing.vn/app_dev.php/su-kien/kinh-hy-tam-lien-632/kinh-hy-tam-lien-3354.html]
[ttl3d.zing.vn/app_dev.php/bai-viet/huong-dan/huong-dan-cai-dat.html]
[ttl3d.zing.vn/app_dev.php/bai-viet/huong-dan/cau-hinh-yeu-cau.html]
[ttl3d.zing.vn/app_dev.php/bai-viet/huong-dan/tan-thien-long-3d-tai-hien-tieu-thuyet-thien-long-bat-bo.html]
[ttl3d.zing.vn/app_dev.php/bai-viet/huong-dan/tu-tim-duong.html]
[ttl3d.zing.vn/app_dev.php/bai-viet/huong-dan/hoat-dong-hang-ngay.html]
[ttl3d.zing.vn/app_dev.php/bai-viet/huong-dan/huong-dan-dung-code-tai-npc-cung-thai-van.html]
[ttl3d.zing.vn/app_dev.php/bai-viet/huong-dan/quy-tac-dat-ten.html]
[ttl3d.zing.vn/app_dev.php/bai-viet/huong-dan/cap-30-cap-45.html]
[ttl3d.zing.vn/app_dev.php/bai-viet/huong-dan/su-do.html]
[ttl3d.zing.vn/app_dev.php/bai-viet/huong-dan/ket-bai.html]
[ttl3d.zing.vn/app_dev.php/bai-viet/huong-dan/phu-the.html]
[ttl3d.zing.vn/app_dev.php/bai-viet/huong-dan/sinh-con.html]
[ttl3d.zing.vn/app_dev.php/bai-viet/huong-dan/bang-hoi.html]
[ttl3d.zing.vn/app_dev.php/bai-viet/huong-dan/dong-minh.html]
[ttl3d.zing.vn/app_dev.php/bai-viet/huong-dan/ao-hoa-tran-thu.html]
[ttl3d.zing.vn/app_dev.php/bai-viet/huong-dan/trang-bi-tran-thu.html]
[ttl3d.zing.vn/app_dev.php/bai-viet/huong-dan/gioi-thieu-tran-thu.html]
[ttl3d.zing.vn/app_dev.php/bai-viet/huong-dan/phu-the-tran-thu.html]
[ttl3d.zing.vn/app_dev.php/bai-viet/huong-dan/cau-ca.html]
[ttl3d.zing.vn/app_dev.php/bai-viet/huong-dan/che-duoc.html]
[ttl3d.zing.vn/app_dev.php/bai-viet/huong-dan/cong-nghe.html]
[ttl3d.zing.vn/app_dev.php/bai-viet/huong-dan/am-khi.html]
[ttl3d.zing.vn/app_dev.php/bai-viet/huong-dan/than-binh-hai-vuc.html]
[ttl3d.zing.vn/app_dev.php/bai-viet/huong-dan/trung-lau.html]
[ttl3d.zing.vn/app_dev.php/bai-viet/huong-dan/tran-phai-than-binh.html]
[ttl3d.zing.vn/app_dev.php/bai-viet/huong-dan/long-van.html]
[ttl3d.zing.vn/app_dev.php/bai-viet/huong-dan/vo-hon.html]
[ttl3d.zing.vn/app_dev.php/bai-viet/huong-dan/dieu-van-trang-bi.html]
[ttl3d.zing.vn/app_dev.php/bai-viet/huong-dan/cuong-hoa-trang-bi.html]
[ttl3d.zing.vn/app_dev.php/bai-viet/huong-dan/duc-lo-trang-bi.html]
[ttl3d.zing.vn/app_dev.php/bai-viet/huong-dan/boi-duong-trang-bi.html]
[ttl3d.zing.vn/app_dev.php/bai-viet/huong-dan/giam-dinh-trang-bi.html]
[ttl3d.zing.vn/app_dev.php/bai-viet/huong-dan/tran-long-ky-cuoc.html]
[ttl3d.zing.vn/app_dev.php/bai-viet/huong-dan/tu-tuyet-trang.html]
[ttl3d.zing.vn/app_dev.php/bai-viet/huong-dan/yen-tu-o.html]
[ttl3d.zing.vn/app_dev.php/bai-viet/huong-dan/huong-dan-nap-bac.html]
[ttl3d.zing.vn/app_dev.php/bai-viet/huong-dan/cach-doi-nguyen-bao.html]
[ttl3d.zing.vn/tag/tan-thien-long.1.html]
[ttl3d.zing.vn/tag/tan-thien-long-bat-bo.1.html]
[ttl3d.zing.vn/tag/game-kiem-hiep-nhap-vai.1.html]
[ttl3d.zing.vn/app_dev.php/tag/app_dev.html]
[img.zing.vn/upload/ks3d/source/News/2023/t9/vck_ttl.png]
[img.zing.vn/upload/ks3d/source/News/2023/t9/vck song hung.png]
[img.zing.vn/upload/ks3d/source/News/2023/t9/VL2_bang3.png]
[img.zing.vn/upload/ks3d/source/News/2023/t9/VL2_bang4.png]
[img.zing.vn/upload/ks3d/source/News/2023/t9/bang1.png]
[img.zing.vn/upload/ks3d/source/News/2023/t9/bang2.png]
[img.zing.vn/upload/ks3d/source/News/2023/t9/Bang dau so loai 2 - ds.png]
[img.zing.vn/products/ks3d/subweb/cai-dat-ttl-be-ip6/images/bg-h2.html]
[ttl3d.zing.vn/su-kien/cai-game-mau-mau-nhan-iphone-6/app_dev.html]
[img.zing.vn/upload/ks3d/source/News/2023/t3/phanthuongsinhtuloidai (1).png]
[img.zing.vn/upload/ks3d/source/News/2023/t3/bracket-ttl3d.png]
[img.zing.vn/upload/ks3d/source/News/2022/t10/ketqua33.png]
[mas.zing.vn/js/vmas.js]
[static.me.zing.vn/sp/js/all-1.34.js]
[ttl3d.zing.vn/app_dev.php/tin-tuc/tin-tuc.1.html]
[img.zing.vn/products/ks3d/subweb/2015/mini-event-style-2/images/bg-header.jpg]
[img.zing.vn/products/ks3d/subweb/2015/mini-event-style-2/images/logo-ks3d.png]
[img.zing.vn/products/ks3d/subweb/2015/mini-event-style-2/images/toplink-bg.png]
[img.zing.vn/products/ks3d/subweb/2015/mini-event-style-2/images/bg-bottom.jpg]
[img.zing.vn/products/ks3d/subweb/2015/mini-event-style-2/images/btn_taigame.gif]
[img.zing.vn/products/ks3d/subweb/2015/mini-event-style-2/images/btn_taigame.png]
[img.zing.vn/products/ks3d/subweb/2015/mini-event-style-2/images/nav.jpg]
[img.zing.vn/products/ks3d/subweb/2015/mini-event-style-2/images/nav_active.jpg]
[img.zing.vn/products/ks3d/subweb/2015/mini-event-style-2/images/content-lop.jpg]
[img.zing.vn/products/ks3d/subweb/2015/mini-event-style-2/images/content-bot.jpg]
[img.zing.vn/products/ks3d/subweb/2015/mini-event-style-2/images/content-top.jpg]
[img.zing.vn/products/ks3d/subweb/2015/mini-event-style-2/images/bg-footer.jpg]
[img.zing.vn/products/ks3d/subweb/2015/mini-event-style-2/images/logo-vng.png]
[img.zing.vn/products/ks3d/subweb/2015/mini-event-style-2/images/logo-cyou.png]
[img.zing.vn/products/ks3d/subweb/2015/mini-event-style-2/images/content/top.png]
[img.zing.vn/products/ks3d/subweb/2015/mini-event-style-2/images/content/icon_h4.png]
[img.zing.vn/products/ks3d/subweb/2015/mini-event-style-2/images/content/icon_h5.png]
[img.zing.vn/products/ks3d/subweb/2015/mini-event-style-2/images/content/tab-nor.jpg]
[img.zing.vn/products/ks3d/subweb/2015/mini-event-style-2/images/content/tab-act.jpg]
[img.zing.vn/products/ks3d/subweb/2015/mini-event-style-2/images/content/icon-anchorlink.gif]
[img.zing.vn/products/ks3d/subweb/2015/mini-event-style-2/images/content/icon-anchorlink-hover.gif]
[img.zing.vn/products/ks3d/subweb/2015/mini-event-style-2/images/content/icon.gif]
[img.zing.vn/products/ks3d/subweb/2015/mini-event-style-2/images/content/icon_dash.gif]
[img.zing.vn/products/ks3d/subweb/2015/mini-event-style-2/images/content/icon_disc.gif]
[img.zing.vn/products/ks3d/subweb/2015/mini-event-style-2/images/content/Note.jpg]
[img.zing.vn/products/ks3d/subweb/2015/mini-event-style-2/css-full/main.css]
[ttl3d.zing.vn/app_dev.php/su-kien/thien-giang-minh-chau-643/qua-tang-nap-the-3409.html]
[ttl3d.zing.vn/app_dev.php/su-kien/thien-giang-minh-chau-643/kinh-hy-tam-lien-3410.html]
[ttl3d.zing.vn/app_dev.php/su-kien/thien-giang-minh-chau-643/quy-phu-than-cong-3411.html]
[ttl3d.zing.vn/app_dev.php/su-kien/thien-giang-minh-chau-643/chan-nghia-man-giang-ho-3412.html]
[ttl3d.zing.vn/app_dev.php/su-kien/thien-giang-minh-chau-643/son-ha-chuyen-dan.html]
[img.zing.vn/products/vendor/general/call-function/activeNavigation.js]
[img.zing.vn/products/ks3d/subweb/2015/mini-event-style-2/js-full/activeMenu.js]
[img.zing.vn/products/ks3d/subweb/2015/mini-event-style-2/js-full/jTopslide.js]
[img.zing.vn/products/ks3d/subweb/2015/mini-event-style-2/js-full/common.js]
[ttl3d.zing.vn/app_dev.php/su-kien/vang-danh-giang-ho-642/qua-tang-nap-the-3403.html]
[ttl3d.zing.vn/app_dev.php/su-kien/vang-danh-giang-ho-642/kinh-hy-tam-lien-3404.html]
[ttl3d.zing.vn/app_dev.php/su-kien/vang-danh-giang-ho-642/vang-danh-giang-ho-3405.html]
[ttl3d.zing.vn/app_dev.php/su-kien/vang-danh-giang-ho-642/qua-tang-cuong-hoa-3406.html]
[ttl3d.zing.vn/app_dev.php/su-kien/vang-danh-giang-ho-642/vong-quay-may-man-3407.html]
[ttl3d.zing.vn/app_dev.php/su-kien/nhat-dai-phu-gia/kinh-hy-tam-lien-3391.html]
[ttl3d.zing.vn/app_dev.php/su-kien/nhat-dai-phu-gia/thien-giang-minh-chau-3392.html]
[ttl3d.zing.vn/app_dev.php/su-kien/nhat-dai-phu-gia/sinh-tieu-loi-dai-3393.html]
[ttl3d.zing.vn/app_dev.php/su-kien/nhat-dai-phu-gia/nhat-dai-phu-gia-3394.html]
[ttl3d.zing.vn/app_dev.php/su-kien/nhat-dai-phu-gia/tranh-nguyen-chuyen-dan.html]
[ttl3d.zing.vn/app_dev.php/su-kien/de-nhat-cao-thu-thien-long-37/the-le-3397.html]
[ttl3d.zing.vn/app_dev.php/su-kien/de-nhat-cao-thu-thien-long-37/dang-ky-3398.html]
[ttl3d.zing.vn/app_dev.php/su-kien/de-nhat-cao-thu-thien-long-37/phan-thuong-3399.html]
[ttl3d.zing.vn/app_dev.php/su-kien/de-nhat-cao-thu-thien-long-37/lich-dau-3400.html]
[ttl3d.zing.vn/app_dev.php/su-kien/de-nhat-cao-thu-thien-long-37/tin-tuc/ket-qua-de-nhat-cao-thu-thien-long-37-vong-chung-ket.html]
[ttl3d.zing.vn/app_dev.php/su-kien/de-nhat-cao-thu-thien-long-37/tin-tuc/ket-qua-de-nhat-cao-thu-thien-long-37-vong-so-loai.html]
[img.zing.vn/products/ks3d/subweb/2018-thien-long-ngu-tuyet/js-full/jquery.min.js]
[img.zing.vn/products/ks3d/subweb/2018-thien-long-ngu-tuyet/js-full/scrolltop.js]
[img.zing.vn/products/ks3d/subweb/2018-thien-long-ngu-tuyet/js-full/jquery.mousewheel.js]
[img.zing.vn/products/ks3d/subweb/2018-thien-long-ngu-tuyet/js-full/common.js]
[img.zing.vn/products/ks3d/subweb/2018-thien-long-ngu-tuyet/js-full/popup.js]
[ttl3d.zing.vn/app_dev.php/su-kien/thien-giang-minh-chau-639/qua-tang-nap-the-3385.html]
[ttl3d.zing.vn/app_dev.php/su-kien/thien-giang-minh-chau-639/kinh-hy-tam-lien-3386.html]
[ttl3d.zing.vn/app_dev.php/su-kien/thien-giang-minh-chau-639/dung-doat-bao-ruong-3387.html]
[ttl3d.zing.vn/app_dev.php/su-kien/thien-giang-minh-chau-639/chan-nghia-man-giang-ho-3388.html]
[img.zing.vn/upload/ks3d/source/News/2023/t9/ff3.jpg]
[ttl3d.zing.vn/app_dev.php/su-kien/thien-giang-minh-chau-639/vong-quay-may-man-3389.html]
[ttl3d.zing.vn/app_dev.php/su-kien/vang-danh-thien-ha-2023/danh-sach-vang-danh-thien-ha-2023.html]
[ttl3d.zing.vn/app_dev.php/su-kien/tam-phuong-nha-ky/kinh-hy-tam-lien-3378.html]
[ttl3d.zing.vn/app_dev.php/su-kien/tam-phuong-nha-ky/thien-giang-minh-chau-3379.html]
[ttl3d.zing.vn/app_dev.php/su-kien/tam-phuong-nha-ky/tam-phuong-nha-ky.html]
[ttl3d.zing.vn/app_dev.php/su-kien/tam-phuong-nha-ky/qua-tang-cuong-hoa-3381.html]
[ttl3d.zing.vn/app_dev.php/su-kien/tam-phuong-nha-ky/than-co-chuyen-dan.html]
[ttl3d.zing.vn/app_dev.php/su-kien/may-chu-moi-thien-long-37/quy-dinh-gioi-han-dang-nhap-3370.html]
[ttl3d.zing.vn/app_dev.php/su-kien/thien-giang-minh-chau-636/thien-giang-minh-chau-3372.html]
[ttl3d.zing.vn/app_dev.php/su-kien/thien-giang-minh-chau-636/qua-tang-nap-the-3373.html]
[ttl3d.zing.vn/app_dev.php/su-kien/thien-giang-minh-chau-636/kinh-hy-tam-lien-3374.html]
[ttl3d.zing.vn/app_dev.php/su-kien/thien-giang-minh-chau-636/vang-danh-giang-ho-3375.html]
[ttl3d.zing.vn/app_dev.php/su-kien/thien-giang-minh-chau-636/quy-phu-than-cong-3376.html]
[ttl3d.zing.vn/app_dev.php/su-kien/thien-giang-minh-chau-634/qua-tang-nap-the-3366.html]
[ttl3d.zing.vn/app_dev.php/su-kien/thien-giang-minh-chau-634/kinh-hy-tam-lien-3367.html]
[ttl3d.zing.vn/app_dev.php/su-kien/thien-giang-minh-chau-634/mac-nhiem-chuyen-dan.html]
[ttl3d.zing.vn/app_dev.php/su-kien/kinh-hy-tam-lien-633/qua-tang-nap-the-3361.html]
[ttl3d.zing.vn/app_dev.php/su-kien/kinh-hy-tam-lien-633/kinh-hy-tam-lien-3362.html]
[ttl3d.zing.vn/app_dev.php/su-kien/kinh-hy-tam-lien-633/dung-doat-bao-ruong-3363.html]
[ttl3d.zing.vn/app_dev.php/su-kien/kinh-hy-tam-lien-633/vong-quay-may-man-3364.html]
[ttl3d.zing.vn/app_dev.php/su-kien/kinh-hy-tam-lien-632/thien-giang-minh-chau-3355.html]
[ttl3d.zing.vn/app_dev.php/su-kien/kinh-hy-tam-lien-632/vang-danh-giang-ho-3356.html]
[ttl3d.zing.vn/app_dev.php/su-kien/kinh-hy-tam-lien-632/qua-tang-nap-the-3357.html]
[ttl3d.zing.vn/app_dev.php/su-kien/kinh-hy-tam-lien-632/hoan-dien-cong-senh-ca-3358.html]
[ttl3d.zing.vn/app_dev.php/su-kien/kinh-hy-tam-lien-632/phung-tri-chuyen-dan.html]
[img.zing.vn/upload/ks3d/source/News/2023/t9/vck_ttl.png]
[img.zing.vn/upload/ks3d/source/News/2023/t9/vck song hung.png]
[img.zing.vn/upload/ks3d/source/News/2023/t9/VL2_bang4.png]
[ttl3d.zing.vn/app_dev.php/su-kien/thien-giang-minh-chau-643/app_dev.html]
